<html>
<body>
<pre>
<h1>µVision Build Log</h1>
<h2>Tool Versions:</h2>
IDE-Version: µVision V5.24.2.0
Copyright (C) 2017 ARM Ltd and ARM Germany GmbH. All rights reserved.
License Information: Vasja Lojkin, 12, LIC=----
 
Tool Versions:
Toolchain:       MDK-Lite  Version: 5.24.1
Toolchain Path:  C:\Keil_v5\ARM\ARMCC\Bin
C Compiler:      Armcc.exe V5.06 update 5 (build 528)
Assembler:       Armasm.exe V5.06 update 5 (build 528)
Linker/Locator:  ArmLink.exe V5.06 update 5 (build 528)
Library Manager: ArmAr.exe V5.06 update 5 (build 528)
Hex Converter:   FromElf.exe V5.06 update 5 (build 528)
CPU DLL:         SARMCM3.DLL V5.24.1
Dialog DLL:      DCM.DLL V1.16.0.0
Target DLL:      STLink\ST-LINKIII-KEIL_SWO.dll V3.0.1.0
Dialog DLL:      TCM.DLL V1.32.0.0
 
<h2>Project:</h2>
C:\Users\Artem\Documents\GitHub\stm32-dap-master\testProgrammer.uvprojx
Project File Date:  07/06/2018

<h2>Output:</h2>
*** Using Compiler 'V5.06 update 5 (build 528)', folder: 'C:\Keil_v5\ARM\ARMCC\Bin'
Rebuild target 'Target 1'
compiling stm32f1xx_hal.c...
compiling stm32f1xx_hal_cortex.c...
compiling main.c...
BluePill\Src\main.c(73): warning:  #1295-D: Deprecated declaration HAL_UART2_TxCpltCallback - give arg types
  extern void HAL_UART2_TxCpltCallback();
BluePill\Src\main.c(74): warning:  #1295-D: Deprecated declaration HAL_TIM4_PeriodElapsedCallback - give arg types
  extern void HAL_TIM4_PeriodElapsedCallback();
BluePill\Src\main.c: 2 warnings, 0 errors
compiling stm32f1xx_hal_flash.c...
compiling stm32f1xx_hal_flash_ex.c...
compiling stm32f1xx_hal_dma.c...
compiling stm32f1xx_hal_gpio_ex.c...
compiling stm32f1xx_hal_pcd.c...
compiling stm32f1xx_hal_gpio.c...
compiling stm32f1xx_hal_pcd_ex.c...
compiling stm32f1xx_hal_rcc_ex.c...
compiling stm32f1xx_hal_rcc.c...
compiling stm32f1xx_hal_tim_ex.c...
compiling stm32f1xx_hal_uart.c...
compiling stm32f1xx_hal_tim.c...
compiling usbd_core.c...
compiling stm32f1xx_ll_usb.c...
compiling usbd_ctlreq.c...
compiling usbd_ioreq.c...
compiling usbd_desc.c...
compiling DAP.c...
.\BluePill\Inc\DAP_config.h(138): warning:  #1-D: last line of file ends without a newline
  #endif
BluePill\Src\DAP.c(731): warning:  #1-D: last line of file ends without a newline
  }
BluePill\Src\DAP.c: 2 warnings, 0 errors
compiling stm32f1xx_hal_timebase_TIM.c...
compiling stm32f1xx_it.c...
compiling stm32f1xx_hal_msp.c...
compiling usbd_dap_cdc.c...
compiling SW_DP.c...
.\BluePill\Inc\DAP_config.h(138): warning:  #1-D: last line of file ends without a newline
  #endif
BluePill\Src\SW_DP.c: 1 warning, 0 errors
compiling usbd_conf.c...
BluePill\Src\usbd_conf.c(700): warning:  #188-D: enumerated type mixed with another type
      HAL_GPIO_WritePin(
SB_FS_GPIO_Port, 
SB_FS_Pin, SET);
BluePill\Src\usbd_conf.c(704): warning:  #188-D: enumerated type mixed with another type
      HAL_GPIO_WritePin(
SB_FS_GPIO_Port, 
SB_FS_Pin, RESET);
BluePill\Src\usbd_conf.c: 2 warnings, 0 errors
assembling startup_stm32f10x_md.s...
compiling system_stm32f10x.c...
compiling usb_device.c...
compiling usbd_dap_cdc_if.c...
BluePill\Src\usbd_dap_cdc_if.c(165): warning:  #550-D: variable "length"  was set but never used
    uint32_t length = 0;
BluePill\Src\usbd_dap_cdc_if.c: 1 warning, 0 errors
linking...
Program Size: Code=29550 RO-data=274 RW-data=340 ZI-data=8132  
".\Objects\testProgrammer.axf" - 0 Error(s), 8 Warning(s).

<h2>Software Packages used:</h2>

Package Vendor: ARM
                http://www.keil.com/pack/ARM.CMSIS.5.0.1.pack
                ARM.CMSIS.5.0.1
                CMSIS (Cortex Microcontroller Software Interface Standard)
   * Component: CORE Version: 5.0.1

Package Vendor: Keil
                http://www.keil.com/pack/Keil.STM32F1xx_DFP.2.2.0.pack
                Keil.STM32F1xx_DFP.2.2.0
                STMicroelectronics STM32F1 Series Device Support, Drivers and Examples
   * Component: Startup Version: 1.0.0

<h2>Collection of Component include folders:</h2>
  .\RTE\Device\STM32F103C8
  .\RTE\_Target_1
  C:\Keil_v5\ARM\PACK\ARM\CMSIS\5.0.1\CMSIS\Include
  C:\Keil_v5\ARM\PACK\Keil\STM32F1xx_DFP\2.2.0\Device\Include

<h2>Collection of Component Files used:</h2>

   * Component: Keil::Device:Startup:1.0.0
      Source file:   Device\Source\ARM\startup_stm32f10x_md.s
      Include file:  RTE_Driver\Config\RTE_Device.h
      Source file:   Device\Source\system_stm32f10x.c
      Source file:   Device\Source\ARM\STM32F1xx_OPT.s

   * Component: ARM::CMSIS:CORE:5.0.1
Build Time Elapsed:  00:00:43
</pre>
</body>
</html>
