Component: ARM Compiler 5.06 update 5 (build 528) Tool: armlink [4d35e2]

==============================================================================

Section Cross References

    main.o(.text) refers to stm32f1xx_hal_uart.o(.text) for HAL_UART_Init
    main.o(.text) refers to stm32f1xx_hal_tim.o(.text) for HAL_TIM_Base_Init
    main.o(.text) refers to stm32f1xx_hal_tim_ex.o(.text) for HAL_TIMEx_MasterConfigSynchronization
    main.o(.text) refers to stm32f1xx_hal_cortex.o(.text) for HAL_NVIC_SetPriority
    main.o(.text) refers to stm32f1xx_hal_gpio.o(.text) for HAL_GPIO_WritePin
    main.o(.text) refers to stm32f1xx_hal_rcc.o(.text) for HAL_RCC_OscConfig
    main.o(.text) refers to stm32f1xx_hal_rcc_ex.o(.text) for HAL_RCCEx_PeriphCLKConfig
    main.o(.text) refers to stm32f1xx_hal.o(.text) for HAL_Init
    main.o(.text) refers to usb_device.o(.text) for MX_USB_DEVICE_Init
    main.o(.text) refers to usbd_dap_cdc_if.o(.text) for HAL_TIM4_PeriodElapsedCallback
    main.o(.text) refers to main.o(.bss) for huart2
    stm32f1xx_hal.o(.text) refers to stm32f1xx_hal_rcc.o(.text) for HAL_RCC_GetHCLKFreq
    stm32f1xx_hal.o(.text) refers to stm32f1xx_hal_cortex.o(.text) for HAL_SYSTICK_Config
    stm32f1xx_hal.o(.text) refers to stm32f1xx_hal_cortex.o(.text) for HAL_NVIC_SetPriority
    stm32f1xx_hal.o(.text) refers to stm32f1xx_hal_timebase_tim.o(.text) for HAL_InitTick
    stm32f1xx_hal.o(.text) refers to stm32f1xx_hal_msp.o(.text) for HAL_MspInit
    stm32f1xx_hal.o(.text) refers to stm32f1xx_hal.o(.data) for uwTick
    stm32f1xx_hal.o(.text) refers to stm32f1xx_hal.o(.text) for HAL_MspDeInit
    stm32f1xx_hal_cortex.o(.text) refers to stm32f1xx_hal_cortex.o(.text) for NVIC_SetPriority
    stm32f1xx_hal_cortex.o(.text) refers to stm32f1xx_hal_cortex.o(.text) for NVIC_GetPriorityGrouping
    stm32f1xx_hal_cortex.o(.text) refers to stm32f1xx_hal_cortex.o(.text) for HAL_SYSTICK_Callback
    stm32f1xx_hal_dma.o(.text) refers to stm32f1xx_hal_dma.o(.text) for DMA_SetConfig
    stm32f1xx_hal_dma.o(.text) refers to stm32f1xx_hal.o(.text) for HAL_GetTick
    stm32f1xx_hal_dma.o(.text) refers to stm32f1xx_hal.o(.text) for HAL_GetTick
    stm32f1xx_hal_flash.o(.text) refers to stm32f1xx_hal_flash.o(.bss) for pFlash
    stm32f1xx_hal_flash.o(.text) refers to stm32f1xx_hal.o(.text) for HAL_GetTick
    stm32f1xx_hal_flash.o(.text) refers to stm32f1xx_hal_flash.o(.text) for FLASH_SetErrorCode
    stm32f1xx_hal_flash.o(.text) refers to stm32f1xx_hal_flash.o(.text) for FLASH_WaitForLastOperation
    stm32f1xx_hal_flash.o(.text) refers to llushr.o(.text) for __aeabi_llsr
    stm32f1xx_hal_flash.o(.text) refers to stm32f1xx_hal_flash.o(.text) for FLASH_Program_HalfWord
    stm32f1xx_hal_flash.o(.text) refers to stm32f1xx_hal_flash.o(.bss) for pFlash
    stm32f1xx_hal_flash.o(.text) refers to stm32f1xx_hal_flash.o(.text) for FLASH_Program_HalfWord
    stm32f1xx_hal_flash.o(.text) refers to stm32f1xx_hal_flash.o(.bss) for pFlash
    stm32f1xx_hal_flash.o(.text) refers to stm32f1xx_hal_flash.o(.text) for FLASH_SetErrorCode
    stm32f1xx_hal_flash.o(.text) refers to stm32f1xx_hal_flash.o(.text) for HAL_FLASH_OperationErrorCallback
    stm32f1xx_hal_flash.o(.text) refers to stm32f1xx_hal_flash.o(.text) for HAL_FLASH_EndOfOperationCallback
    stm32f1xx_hal_flash.o(.text) refers to stm32f1xx_hal_flash_ex.o(.text) for FLASH_PageErase
    stm32f1xx_hal_flash.o(.text) refers to stm32f1xx_hal_flash.o(.bss) for pFlash
    stm32f1xx_hal_flash.o(.text) refers to stm32f1xx_hal_cortex.o(.text) for HAL_NVIC_SystemReset
    stm32f1xx_hal_flash.o(.text) refers to stm32f1xx_hal_flash.o(.bss) for pFlash
    stm32f1xx_hal_flash_ex.o(.text) refers to stm32f1xx_hal_flash.o(.bss) for pFlash
    stm32f1xx_hal_flash_ex.o(.text) refers to stm32f1xx_hal_flash.o(.text) for FLASH_WaitForLastOperation
    stm32f1xx_hal_flash_ex.o(.text) refers to stm32f1xx_hal_flash_ex.o(.text) for HAL_FLASHEx_OBErase
    stm32f1xx_hal_flash_ex.o(.text) refers to stm32f1xx_hal_flash.o(.bss) for pFlash
    stm32f1xx_hal_flash_ex.o(.text) refers to stm32f1xx_hal_flash.o(.text) for FLASH_WaitForLastOperation
    stm32f1xx_hal_flash_ex.o(.text) refers to stm32f1xx_hal_flash_ex.o(.text) for FLASH_MassErase
    stm32f1xx_hal_flash_ex.o(.text) refers to stm32f1xx_hal_flash_ex.o(.text) for FLASH_PageErase
    stm32f1xx_hal_flash_ex.o(.text) refers to stm32f1xx_hal_flash.o(.bss) for pFlash
    stm32f1xx_hal_flash_ex.o(.text) refers to stm32f1xx_hal_flash_ex.o(.text) for FLASH_MassErase
    stm32f1xx_hal_flash_ex.o(.text) refers to stm32f1xx_hal_flash_ex.o(.text) for FLASH_PageErase
    stm32f1xx_hal_flash_ex.o(.text) refers to stm32f1xx_hal_flash.o(.bss) for pFlash
    stm32f1xx_hal_flash_ex.o(.text) refers to stm32f1xx_hal_flash_ex.o(.text) for FLASH_OB_GetRDP
    stm32f1xx_hal_flash_ex.o(.text) refers to stm32f1xx_hal_flash.o(.text) for FLASH_WaitForLastOperation
    stm32f1xx_hal_flash_ex.o(.text) refers to stm32f1xx_hal_flash.o(.bss) for pFlash
[...]
    Removing stm32f1xx_hal_tim.o(.text), (108 bytes).
    Removing stm32f1xx_hal_tim.o(.text), (134 bytes).
    Removing stm32f1xx_hal_tim.o(.text), (70 bytes).
    Removing stm32f1xx_hal_tim.o(.text), (268 bytes).
    Removing stm32f1xx_hal_tim.o(.text), (140 bytes).
    Removing stm32f1xx_hal_tim.o(.text), (2 bytes).
    Removing stm32f1xx_hal_tim.o(.text), (76 bytes).
    Removing stm32f1xx_hal_tim.o(.text), (2 bytes).
    Removing stm32f1xx_hal_tim.o(.text), (70 bytes).
    Removing stm32f1xx_hal_tim.o(.text), (64 bytes).
    Removing stm32f1xx_hal_tim.o(.text), (128 bytes).
    Removing stm32f1xx_hal_tim.o(.text), (88 bytes).
    Removing stm32f1xx_hal_tim.o(.text), (152 bytes).
    Removing stm32f1xx_hal_tim.o(.text), (2 bytes).
    Removing stm32f1xx_hal_tim.o(.text), (180 bytes).
    Removing stm32f1xx_hal_tim.o(.text), (2 bytes).
    Removing stm32f1xx_hal_tim.o(.text), (70 bytes).
    Removing stm32f1xx_hal_tim.o(.text), (78 bytes).
    Removing stm32f1xx_hal_tim.o(.text), (104 bytes).
    Removing stm32f1xx_hal_tim.o(.text), (126 bytes).
    Removing stm32f1xx_hal_tim.o(.text), (152 bytes).
    Removing stm32f1xx_hal_tim.o(.text), (328 bytes).
    Removing stm32f1xx_hal_tim.o(.text), (152 bytes).
    Removing stm32f1xx_hal_tim.o(.text), (112 bytes).
    Removing stm32f1xx_hal_tim.o(.text), (116 bytes).
    Removing stm32f1xx_hal_tim.o(.text), (108 bytes).
    Removing stm32f1xx_hal_tim.o(.text), (224 bytes).
    Removing stm32f1xx_hal_tim.o(.text), (264 bytes).
    Removing stm32f1xx_hal_tim.o(.text), (286 bytes).
    Removing stm32f1xx_hal_tim.o(.text), (388 bytes).
    Removing stm32f1xx_hal_tim.o(.text), (128 bytes).
    Removing stm32f1xx_hal_tim.o(.text), (388 bytes).
    Removing stm32f1xx_hal_tim.o(.text), (128 bytes).
    Removing stm32f1xx_hal_tim.o(.text), (54 bytes).
    Removing stm32f1xx_hal_tim.o(.text), (264 bytes).
    Removing stm32f1xx_hal_tim.o(.text), (24 bytes).
    Removing stm32f1xx_hal_tim.o(.text), (86 bytes).
    Removing stm32f1xx_hal_tim.o(.text), (86 bytes).
    Removing stm32f1xx_hal_tim.o(.text), (84 bytes).
    Removing stm32f1xx_hal_tim.o(.text), (8 bytes).
    Removing stm32f1xx_hal_tim.o(.text), (8 bytes).
    Removing stm32f1xx_hal_tim.o(.text), (8 bytes).
    Removing stm32f1xx_hal_tim.o(.text), (8 bytes).
    Removing stm32f1xx_hal_tim.o(.text), (8 bytes).
    Removing stm32f1xx_hal_tim.o(.text), (8 bytes).
    Removing stm32f1xx_hal_tim_ex.o(.rev16_text), (4 bytes).
    Removing stm32f1xx_hal_tim_ex.o(.revsh_text), (4 bytes).
    Removing stm32f1xx_hal_tim_ex.o(.rrx_text), (6 bytes).
    Removing stm32f1xx_hal_tim_ex.o(.text), (2 bytes).
    Removing stm32f1xx_hal_tim_ex.o(.text), (208 bytes).
    Removing stm32f1xx_hal_tim_ex.o(.text), (2 bytes).
    Removing stm32f1xx_hal_tim_ex.o(.text), (70 bytes).
    Removing stm32f1xx_hal_tim_ex.o(.text), (30 bytes).
    Removing stm32f1xx_hal_tim_ex.o(.text), (56 bytes).
    Removing stm32f1xx_hal_tim_ex.o(.text), (42 bytes).
    Removing stm32f1xx_hal_tim_ex.o(.text), (68 bytes).
    Removing stm32f1xx_hal_tim_ex.o(.text), (116 bytes).
    Removing stm32f1xx_hal_tim_ex.o(.text), (68 bytes).
    Removing stm32f1xx_hal_tim_ex.o(.text), (44 bytes).
    Removing stm32f1xx_hal_tim_ex.o(.text), (96 bytes).
    Removing stm32f1xx_hal_tim_ex.o(.text), (132 bytes).
    Removing stm32f1xx_hal_tim_ex.o(.text), (198 bytes).
    Removing stm32f1xx_hal_tim_ex.o(.text), (280 bytes).
    Removing stm32f1xx_hal_tim_ex.o(.text), (178 bytes).
    Removing stm32f1xx_hal_tim_ex.o(.text), (44 bytes).
    Removing stm32f1xx_hal_tim_ex.o(.text), (96 bytes).
    Removing stm32f1xx_hal_tim_ex.o(.text), (132 bytes).
    Removing stm32f1xx_hal_tim_ex.o(.text), (198 bytes).
    Removing stm32f1xx_hal_tim_ex.o(.text), (280 bytes).
    Removing stm32f1xx_hal_tim_ex.o(.text), (178 bytes).
    Removing stm32f1xx_hal_tim_ex.o(.text), (32 bytes).
    Removing stm32f1xx_hal_tim_ex.o(.text), (96 bytes).
    Removing stm32f1xx_hal_tim_ex.o(.text), (56 bytes).
    Removing stm32f1xx_hal_tim_ex.o(.text), (120 bytes).
    Removing stm32f1xx_hal_tim_ex.o(.text), (110 bytes).
    Removing stm32f1xx_hal_tim_ex.o(.text), (122 bytes).
    Removing stm32f1xx_hal_tim_ex.o(.text), (20 bytes).
    Removing stm32f1xx_hal_tim_ex.o(.text), (144 bytes).
    Removing stm32f1xx_hal_tim_ex.o(.text), (80 bytes).
    Removing stm32f1xx_hal_tim_ex.o(.text), (8 bytes).
    Removing stm32f1xx_hal_uart.o(.rev16_text), (4 bytes).
    Removing stm32f1xx_hal_uart.o(.revsh_text), (4 bytes).
    Removing stm32f1xx_hal_uart.o(.rrx_text), (6 bytes).
    Removing stm32f1xx_hal_uart.o(.text), (114 bytes).
    Removing stm32f1xx_hal_uart.o(.text), (130 bytes).
    Removing stm32f1xx_hal_uart.o(.text), (134 bytes).
    Removing stm32f1xx_hal_uart.o(.text), (240 bytes).
    Removing stm32f1xx_hal_uart.o(.text), (248 bytes).
    Removing stm32f1xx_hal_uart.o(.text), (110 bytes).
    Removing stm32f1xx_hal_uart.o(.text), (134 bytes).
    Removing stm32f1xx_hal_uart.o(.text), (118 bytes).
    Removing stm32f1xx_hal_uart.o(.text), (156 bytes).
    Removing stm32f1xx_hal_uart.o(.text), (46 bytes).
    Removing stm32f1xx_hal_uart.o(.text), (62 bytes).
    Removing stm32f1xx_hal_uart.o(.text), (62 bytes).
    Removing stm32f1xx_hal_uart.o(.text), (62 bytes).
    Removing stm32f1xx_hal_uart.o(.text), (66 bytes).
    Removing stm32f1xx_hal_uart.o(.text), (64 bytes).
    Removing stm32f1xx_hal_uart.o(.text), (8 bytes).
    Removing stm32f1xx_hal_uart.o(.text), (6 bytes).
    Removing stm32f1xx_ll_usb.o(.rev16_text), (4 bytes).
    Removing stm32f1xx_ll_usb.o(.revsh_text), (4 bytes).
    Removing stm32f1xx_ll_usb.o(.rrx_text), (6 bytes).
    Removing stm32f1xx_ll_usb.o(.text), (6 bytes).
    Removing stm32f1xx_ll_usb.o(.text), (6 bytes).
    Removing stm32f1xx_ll_usb.o(.text), (8 bytes).
    Removing stm32f1xx_ll_usb.o(.text), (6 bytes).
    Removing stm32f1xx_ll_usb.o(.text), (22 bytes).
    Removing stm32f1xx_ll_usb.o(.text), (6 bytes).
    Removing stm32f1xx_ll_usb.o(.text), (6 bytes).
    Removing stm32f1xx_ll_usb.o(.text), (6 bytes).
    Removing stm32f1xx_ll_usb.o(.text), (6 bytes).
    Removing stm32f1xx_ll_usb.o(.text), (2 bytes).
    Removing stm32f1xx_ll_usb.o(.text), (18 bytes).
    Removing stm32f1xx_ll_usb.o(.text), (18 bytes).
    Removing usbd_core.o(.rev16_text), (4 bytes).
    Removing usbd_core.o(.revsh_text), (4 bytes).
    Removing usbd_core.o(.rrx_text), (6 bytes).
    Removing usbd_core.o(.text), (38 bytes).
    Removing usbd_core.o(.text), (26 bytes).
    Removing usbd_core.o(.text), (6 bytes).
    Removing usbd_core.o(.text), (6 bytes).
    Removing usbd_core.o(.text), (6 bytes).
    Removing usbd_core.o(.text), (26 bytes).
    Removing usbd_ctlreq.o(.rev16_text), (4 bytes).
    Removing usbd_ctlreq.o(.revsh_text), (4 bytes).
    Removing usbd_ctlreq.o(.rrx_text), (6 bytes).
    Removing usbd_ioreq.o(.rev16_text), (4 bytes).
    Removing usbd_ioreq.o(.revsh_text), (4 bytes).
    Removing usbd_ioreq.o(.rrx_text), (6 bytes).
    Removing usbd_ioreq.o(.text), (18 bytes).
    Removing usbd_desc.o(.rev16_text), (4 bytes).
    Removing usbd_desc.o(.revsh_text), (4 bytes).
    Removing usbd_desc.o(.rrx_text), (6 bytes).
    Removing dap.o(.rev16_text), (4 bytes).
    Removing dap.o(.revsh_text), (4 bytes).
    Removing dap.o(.rrx_text), (6 bytes).
    Removing stm32f1xx_hal_msp.o(.rev16_text), (4 bytes).
    Removing stm32f1xx_hal_msp.o(.revsh_text), (4 bytes).
    Removing stm32f1xx_hal_msp.o(.rrx_text), (6 bytes).
    Removing stm32f1xx_hal_msp.o(.text), (72 bytes).
    Removing stm32f1xx_it.o(.rev16_text), (4 bytes).
    Removing stm32f1xx_it.o(.revsh_text), (4 bytes).
    Removing stm32f1xx_it.o(.rrx_text), (6 bytes).
    Removing stm32f1xx_hal_timebase_tim.o(.rev16_text), (4 bytes).
    Removing stm32f1xx_hal_timebase_tim.o(.revsh_text), (4 bytes).
    Removing stm32f1xx_hal_timebase_tim.o(.rrx_text), (6 bytes).
    Removing stm32f1xx_hal_timebase_tim.o(.text), (18 bytes).
    Removing stm32f1xx_hal_timebase_tim.o(.text), (18 bytes).
    Removing sw_dp.o(.rev16_text), (4 bytes).
    Removing sw_dp.o(.revsh_text), (4 bytes).
    Removing sw_dp.o(.rrx_text), (6 bytes).
    Removing usbd_conf.o(.rev16_text), (4 bytes).
    Removing usbd_conf.o(.revsh_text), (4 bytes).
    Removing usbd_conf.o(.rrx_text), (6 bytes).
    Removing usbd_conf.o(.text), (40 bytes).
    Removing usbd_conf.o(.text), (18 bytes).
    Removing usbd_conf.o(.text), (18 bytes).
    Removing usbd_conf.o(.text), (14 bytes).
    Removing usbd_conf.o(.text), (14 bytes).
    Removing usbd_conf.o(.text), (60 bytes).
    Removing usbd_conf.o(.text), (60 bytes).
    Removing usbd_conf.o(.text), (68 bytes).
    Removing usbd_conf.o(.text), (12 bytes).
    Removing usbd_dap_cdc.o(.rev16_text), (4 bytes).
    Removing usbd_dap_cdc.o(.revsh_text), (4 bytes).
    Removing usbd_dap_cdc.o(.rrx_text), (6 bytes).
    Removing usbd_dap_cdc_if.o(.rev16_text), (4 bytes).
    Removing usbd_dap_cdc_if.o(.revsh_text), (4 bytes).
    Removing usbd_dap_cdc_if.o(.rrx_text), (6 bytes).
    Removing usb_device.o(.rev16_text), (4 bytes).
    Removing usb_device.o(.revsh_text), (4 bytes).
    Removing usb_device.o(.rrx_text), (6 bytes).
    Removing system_stm32f10x.o(.rev16_text), (4 bytes).
    Removing system_stm32f10x.o(.revsh_text), (4 bytes).
    Removing system_stm32f10x.o(.rrx_text), (6 bytes).
    Removing system_stm32f10x.o(.text), (164 bytes).

332 unused section(s) (total 20090 bytes) removed from the image.

==============================================================================

Image Symbol Table

    Local Symbols

    Symbol Name                              Value     Ov Type        Size  Object(Section)

    ../clib/angel/boardlib.s                 0x00000000   Number         0  boardinit1.o ABSOLUTE
    ../clib/angel/boardlib.s                 0x00000000   Number         0  boardinit2.o ABSOLUTE
    ../clib/angel/boardlib.s                 0x00000000   Number         0  boardinit3.o ABSOLUTE
    ../clib/angel/boardlib.s                 0x00000000   Number         0  boardshut.o ABSOLUTE
    ../clib/angel/dczerorl2.s                0x00000000   Number         0  __dczerorl2.o ABSOLUTE
    ../clib/angel/handlers.s                 0x00000000   Number         0  __scatter_zi.o ABSOLUTE
    ../clib/angel/kernel.s                   0x00000000   Number         0  rtexit2.o ABSOLUTE
    ../clib/angel/kernel.s                   0x00000000   Number         0  rtexit.o ABSOLUTE
    ../clib/angel/kernel.s                   0x00000000   Number         0  __rtentry2.o ABSOLUTE
    ../clib/angel/kernel.s                   0x00000000   Number         0  __rtentry.o ABSOLUTE
    ../clib/angel/kernel.s                   0x00000000   Number         0  __rtentry4.o ABSOLUTE
    ../clib/angel/rt.s                       0x00000000   Number         0  rt_raise.o ABSOLUTE
    ../clib/angel/scatter.s                  0x00000000   Number         0  __scatter.o ABSOLUTE
    ../clib/angel/startup.s                  0x00000000   Number         0  __main.o ABSOLUTE
    ../clib/angel/sys.s                      0x00000000   Number         0  sys_stackheap_outer.o ABSOLUTE
    ../clib/angel/sys.s                      0x00000000   Number         0  indicate_semi.o ABSOLUTE
    ../clib/angel/sys.s                      0x00000000   Number         0  use_no_semi.o ABSOLUTE
    ../clib/angel/sys.s                      0x00000000   Number         0  libspace.o ABSOLUTE
    ../clib/angel/sysapp.c                   0x00000000   Number         0  sys_wrch.o ABSOLUTE
    ../clib/angel/sysapp.c                   0x00000000   Number         0  sys_command.o ABSOLUTE
    ../clib/angel/sysapp.c                   0x00000000   Number         0  sys_exit.o ABSOLUTE
    ../clib/armsys.c                         0x00000000   Number         0  argv_veneer.o ABSOLUTE
    ../clib/armsys.c                         0x00000000   Number         0  argv_veneer.o ABSOLUTE
    ../clib/armsys.c                         0x00000000   Number         0  no_argv.o ABSOLUTE
    ../clib/armsys.c                         0x00000000   Number         0  _get_argv_nomalloc.o ABSOLUTE
    ../clib/heapalloc.c                      0x00000000   Number         0  hrguard.o ABSOLUTE
    ../clib/heapaux.c                        0x00000000   Number         0  heapauxi.o ABSOLUTE
    ../clib/libinit.s                        0x00000000   Number         0  libinit2.o ABSOLUTE
    ../clib/libinit.s                        0x00000000   Number         0  libinit.o ABSOLUTE
    ../clib/libinit.s                        0x00000000   Number         0  libshutdown.o ABSOLUTE
    ../clib/libinit.s                        0x00000000   Number         0  libshutdown2.o ABSOLUTE
    ../clib/longlong.s                       0x00000000   Number         0  llushr.o ABSOLUTE
    ../clib/memcpset.s                       0x00000000   Number         0  rt_memclr.o ABSOLUTE
    ../clib/memcpset.s                       0x00000000   Number         0  rt_memclr_w.o ABSOLUTE
    ../clib/memcpset.s                       0x00000000   Number         0  rt_memcpy_w.o ABSOLUTE
    ../clib/signal.c                         0x00000000   Number         0  defsig_rtmem_outer.o ABSOLUTE
    ../clib/signal.c                         0x00000000   Number         0  defsig_general.o ABSOLUTE
    ../clib/signal.c                         0x00000000   Number         0  defsig_other.o ABSOLUTE
    ../clib/signal.c                         0x00000000   Number         0  defsig_segv_inner.o ABSOLUTE
    ../clib/signal.c                         0x00000000   Number         0  defsig_cppl_inner.o ABSOLUTE
    ../clib/signal.c                         0x00000000   Number         0  defsig_pvfn_inner.o ABSOLUTE
    ../clib/signal.c                         0x00000000   Number         0  defsig_rtmem_formal.o ABSOLUTE
    ../clib/signal.c                         0x00000000   Number         0  __raise.o ABSOLUTE
    ../clib/signal.c                         0x00000000   Number         0  defsig_stak_inner.o ABSOLUTE
    ../clib/signal.c                         0x00000000   Number         0  defsig_rtred_inner.o ABSOLUTE
    ../clib/signal.c                         0x00000000   Number         0  defsig_fpe_inner.o ABSOLUTE
    ../clib/signal.c                         0x00000000   Number         0  defsig_abrt_inner.o ABSOLUTE
    ../clib/signal.c                         0x00000000   Number         0  defsig_rtmem_inner.o ABSOLUTE
    ../clib/signal.c                         0x00000000   Number         0  defsig_exit.o ABSOLUTE
    ../clib/signal.s                         0x00000000   Number         0  defsig.o ABSOLUTE
    ../clib/stdlib.c                         0x00000000   Number         0  exit.o ABSOLUTE
    ../fplib/fpinit.s                        0x00000000   Number         0  fpinit.o ABSOLUTE
    BluePill\Drivers\STM32F1xx_HAL_Driver\Src\stm32f1xx_hal.c 0x00000000   Number         0  stm32f1xx_hal.o ABSOLUTE
    BluePill\Drivers\STM32F1xx_HAL_Driver\Src\stm32f1xx_hal_cortex.c 0x00000000   Number         0  stm32f1xx_hal_cortex.o ABSOLUTE
    BluePill\Drivers\STM32F1xx_HAL_Driver\Src\stm32f1xx_hal_dma.c 0x00000000   Number         0  stm32f1xx_hal_dma.o ABSOLUTE
    BluePill\Drivers\STM32F1xx_HAL_Driver\Src\stm32f1xx_hal_flash.c 0x00000000   Number         0  stm32f1xx_hal_flash.o ABSOLUTE
    BluePill\Drivers\STM32F1xx_HAL_Driver\Src\stm32f1xx_hal_flash_ex.c 0x00000000   Number         0  stm32f1xx_hal_flash_ex.o ABSOLUTE
    BluePill\Drivers\STM32F1xx_HAL_Driver\Src\stm32f1xx_hal_gpio.c 0x00000000   Number         0  stm32f1xx_hal_gpio.o ABSOLUTE
    BluePill\Drivers\STM32F1xx_HAL_Driver\Src\stm32f1xx_hal_gpio_ex.c 0x00000000   Number         0  stm32f1xx_hal_gpio_ex.o ABSOLUTE
    BluePill\Drivers\STM32F1xx_HAL_Driver\Src\stm32f1xx_hal_pcd.c 0x00000000   Number         0  stm32f1xx_hal_pcd.o ABSOLUTE
    BluePill\Drivers\STM32F1xx_HAL_Driver\Src\stm32f1xx_hal_pcd_ex.c 0x00000000   Number         0  stm32f1xx_hal_pcd_ex.o ABSOLUTE
    BluePill\Drivers\STM32F1xx_HAL_Driver\Src\stm32f1xx_hal_rcc.c 0x00000000   Number         0  stm32f1xx_hal_rcc.o ABSOLUTE
    BluePill\Drivers\STM32F1xx_HAL_Driver\Src\stm32f1xx_hal_rcc_ex.c 0x00000000   Number         0  stm32f1xx_hal_rcc_ex.o ABSOLUTE
    BluePill\Drivers\STM32F1xx_HAL_Driver\Src\stm32f1xx_hal_tim.c 0x00000000   Number         0  stm32f1xx_hal_tim.o ABSOLUTE
    BluePill\Drivers\STM32F1xx_HAL_Driver\Src\stm32f1xx_hal_tim_ex.c 0x00000000   Number         0  stm32f1xx_hal_tim_ex.o ABSOLUTE
    BluePill\Drivers\STM32F1xx_HAL_Driver\Src\stm32f1xx_hal_uart.c 0x00000000   Number         0  stm32f1xx_hal_uart.o ABSOLUTE
    BluePill\Drivers\STM32F1xx_HAL_Driver\Src\stm32f1xx_ll_usb.c 0x00000000   Number         0  stm32f1xx_ll_usb.o ABSOLUTE
    BluePill\Middlewares\ST\STM32_USB_Device_Library\Core\Src\usbd_core.c 0x00000000   Number         0  usbd_core.o ABSOLUTE
    BluePill\Middlewares\ST\STM32_USB_Device_Library\Core\Src\usbd_ctlreq.c 0x00000000   Number         0  usbd_ctlreq.o ABSOLUTE
    BluePill\Middlewares\ST\STM32_USB_Device_Library\Core\Src\usbd_ioreq.c 0x00000000   Number         0  usbd_ioreq.o ABSOLUTE
    BluePill\Src\DAP.c                       0x00000000   Number         0  dap.o ABSOLUTE
    BluePill\Src\SW_DP.c                     0x00000000   Number         0  sw_dp.o ABSOLUTE
    BluePill\Src\main.c                      0x00000000   Number         0  main.o ABSOLUTE
    BluePill\Src\stm32f1xx_hal_msp.c         0x00000000   Number         0  stm32f1xx_hal_msp.o ABSOLUTE
    BluePill\Src\stm32f1xx_hal_timebase_TIM.c 0x00000000   Number         0  stm32f1xx_hal_timebase_tim.o ABSOLUTE
    BluePill\Src\stm32f1xx_it.c              0x00000000   Number         0  stm32f1xx_it.o ABSOLUTE
    BluePill\Src\usb_device.c                0x00000000   Number         0  usb_device.o ABSOLUTE
    BluePill\Src\usbd_conf.c                 0x00000000   Number         0  usbd_conf.o ABSOLUTE
    BluePill\Src\usbd_dap_cdc.c              0x00000000   Number         0  usbd_dap_cdc.o ABSOLUTE
    BluePill\Src\usbd_dap_cdc_if.c           0x00000000   Number         0  usbd_dap_cdc_if.o ABSOLUTE
    BluePill\Src\usbd_desc.c                 0x00000000   Number         0  usbd_desc.o ABSOLUTE
    BluePill\\Drivers\\STM32F1xx_HAL_Driver\\Src\\stm32f1xx_hal.c 0x00000000   Number         0  stm32f1xx_hal.o ABSOLUTE
    BluePill\\Drivers\\STM32F1xx_HAL_Driver\\Src\\stm32f1xx_hal_cortex.c 0x00000000   Number         0  stm32f1xx_hal_cortex.o ABSOLUTE
    BluePill\\Drivers\\STM32F1xx_HAL_Driver\\Src\\stm32f1xx_hal_dma.c 0x00000000   Number         0  stm32f1xx_hal_dma.o ABSOLUTE
    BluePill\\Drivers\\STM32F1xx_HAL_Driver\\Src\\stm32f1xx_hal_flash.c 0x00000000   Number         0  stm32f1xx_hal_flash.o ABSOLUTE
    BluePill\\Drivers\\STM32F1xx_HAL_Driver\\Src\\stm32f1xx_hal_flash_ex.c 0x00000000   Number         0  stm32f1xx_hal_flash_ex.o ABSOLUTE
    BluePill\\Drivers\\STM32F1xx_HAL_Driver\\Src\\stm32f1xx_hal_gpio.c 0x00000000   Number         0  stm32f1xx_hal_gpio.o ABSOLUTE
    BluePill\\Drivers\\STM32F1xx_HAL_Driver\\Src\\stm32f1xx_hal_gpio_ex.c 0x00000000   Number         0  stm32f1xx_hal_gpio_ex.o ABSOLUTE
    BluePill\\Drivers\\STM32F1xx_HAL_Driver\\Src\\stm32f1xx_hal_pcd.c 0x00000000   Number         0  stm32f1xx_hal_pcd.o ABSOLUTE
    BluePill\\Drivers\\STM32F1xx_HAL_Driver\\Src\\stm32f1xx_hal_pcd_ex.c 0x00000000   Number         0  stm32f1xx_hal_pcd_ex.o ABSOLUTE
    BluePill\\Drivers\\STM32F1xx_HAL_Driver\\Src\\stm32f1xx_hal_rcc.c 0x00000000   Number         0  stm32f1xx_hal_rcc.o ABSOLUTE
    BluePill\\Drivers\\STM32F1xx_HAL_Driver\\Src\\stm32f1xx_hal_rcc_ex.c 0x00000000   Number         0  stm32f1xx_hal_rcc_ex.o ABSOLUTE
    BluePill\\Drivers\\STM32F1xx_HAL_Driver\\Src\\stm32f1xx_hal_tim.c 0x00000000   Number         0  stm32f1xx_hal_tim.o ABSOLUTE
    BluePill\\Drivers\\STM32F1xx_HAL_Driver\\Src\\stm32f1xx_hal_tim_ex.c 0x00000000   Number         0  stm32f1xx_hal_tim_ex.o ABSOLUTE
    BluePill\\Drivers\\STM32F1xx_HAL_Driver\\Src\\stm32f1xx_hal_uart.c 0x00000000   Number         0  stm32f1xx_hal_uart.o ABSOLUTE
    BluePill\\Drivers\\STM32F1xx_HAL_Driver\\Src\\stm32f1xx_ll_usb.c 0x00000000   Number         0  stm32f1xx_ll_usb.o ABSOLUTE
    BluePill\\Middlewares\\ST\\STM32_USB_Device_Library\\Core\\Src\\usbd_core.c 0x00000000   Number         0  usbd_core.o ABSOLUTE
    BluePill\\Middlewares\\ST\\STM32_USB_Device_Library\\Core\\Src\\usbd_ctlreq.c 0x00000000   Number         0  usbd_ctlreq.o ABSOLUTE
    BluePill\\Middlewares\\ST\\STM32_USB_Device_Library\\Core\\Src\\usbd_ioreq.c 0x00000000   Number         0  usbd_ioreq.o ABSOLUTE
    BluePill\\Src\\DAP.c                     0x00000000   Number         0  dap.o ABSOLUTE
    BluePill\\Src\\SW_DP.c                   0x00000000   Number         0  sw_dp.o ABSOLUTE
    BluePill\\Src\\main.c                    0x00000000   Number         0  main.o ABSOLUTE
    BluePill\\Src\\stm32f1xx_hal_msp.c       0x00000000   Number         0  stm32f1xx_hal_msp.o ABSOLUTE
    BluePill\\Src\\stm32f1xx_hal_timebase_TIM.c 0x00000000   Number         0  stm32f1xx_hal_timebase_tim.o ABSOLUTE
    BluePill\\Src\\stm32f1xx_it.c            0x00000000   Number         0  stm32f1xx_it.o ABSOLUTE
    BluePill\\Src\\usb_device.c              0x00000000   Number         0  usb_device.o ABSOLUTE
    BluePill\\Src\\usbd_conf.c               0x00000000   Number         0  usbd_conf.o ABSOLUTE
    BluePill\\Src\\usbd_dap_cdc.c            0x00000000   Number         0  usbd_dap_cdc.o ABSOLUTE
    BluePill\\Src\\usbd_dap_cdc_if.c         0x00000000   Number         0  usbd_dap_cdc_if.o ABSOLUTE
    BluePill\\Src\\usbd_desc.c               0x00000000   Number         0  usbd_desc.o ABSOLUTE
    RTE\Device\STM32F103C8\startup_stm32f10x_md.s 0x00000000   Number         0  startup_stm32f10x_md.o ABSOLUTE
    RTE\Device\STM32F103C8\system_stm32f10x.c 0x00000000   Number         0  system_stm32f10x.o ABSOLUTE
    RTE\\Device\\STM32F103C8\\system_stm32f10x.c 0x00000000   Number         0  system_stm32f10x.o ABSOLUTE
    dc.s                                     0x00000000   Number         0  dc.o ABSOLUTE
    RESET                                    0x08000000   Section      236  startup_stm32f10x_md.o(RESET)
    !!!main                                  0x080000ec   Section        8  __main.o(!!!main)
    !!!scatter                               0x080000f4   Section       52  __scatter.o(!!!scatter)
    !!dczerorl2                              0x08000128   Section       90  __dczerorl2.o(!!dczerorl2)
    !!handler_zi                             0x08000184   Section       28  __scatter_zi.o(!!handler_zi)
    .ARM.Collect$$libinit$$00000000          0x080001a0   Section        2  libinit.o(.ARM.Collect$$libinit$$00000000)
    .ARM.Collect$$libinit$$00000002          0x080001a2   Section        0  libinit2.o(.ARM.Collect$$libinit$$00000002)
    .ARM.Collect$$libinit$$00000004          0x080001a2   Section        0  libinit2.o(.ARM.Collect$$libinit$$00000004)
    .ARM.Collect$$libinit$$0000000A          0x080001a2   Section        0  libinit2.o(.ARM.Collect$$libinit$$0000000A)
    .ARM.Collect$$libinit$$0000000C          0x080001a2   Section        0  libinit2.o(.ARM.Collect$$libinit$$0000000C)
    .ARM.Collect$$libinit$$0000000E          0x080001a2   Section        0  libinit2.o(.ARM.Collect$$libinit$$0000000E)
    .ARM.Collect$$libinit$$00000011          0x080001a2   Section        0  libinit2.o(.ARM.Collect$$libinit$$00000011)
    .ARM.Collect$$libinit$$00000013          0x080001a2   Section        0  libinit2.o(.ARM.Collect$$libinit$$00000013)
    .ARM.Collect$$libinit$$00000015          0x080001a2   Section        0  libinit2.o(.ARM.Collect$$libinit$$00000015)
    .ARM.Collect$$libinit$$00000017          0x080001a2   Section        0  libinit2.o(.ARM.Collect$$libinit$$00000017)
    .ARM.Collect$$libinit$$00000019          0x080001a2   Section        0  libinit2.o(.ARM.Collect$$libinit$$00000019)
    .ARM.Collect$$libinit$$0000001B          0x080001a2   Section        0  libinit2.o(.ARM.Collect$$libinit$$0000001B)
    .ARM.Collect$$libinit$$0000001D          0x080001a2   Section        0  libinit2.o(.ARM.Collect$$libinit$$0000001D)
    .ARM.Collect$$libinit$$0000001F          0x080001a2   Section        0  libinit2.o(.ARM.Collect$$libinit$$0000001F)
    .ARM.Collect$$libinit$$00000021          0x080001a2   Section        0  libinit2.o(.ARM.Collect$$libinit$$00000021)
    .ARM.Collect$$libinit$$00000023          0x080001a2   Section        0  libinit2.o(.ARM.Collect$$libinit$$00000023)
    .ARM.Collect$$libinit$$00000025          0x080001a2   Section        0  libinit2.o(.ARM.Collect$$libinit$$00000025)
    .ARM.Collect$$libinit$$0000002C          0x080001a2   Section        0  libinit2.o(.ARM.Collect$$libinit$$0000002C)
    .ARM.Collect$$libinit$$0000002E          0x080001a2   Section        0  libinit2.o(.ARM.Collect$$libinit$$0000002E)
    .ARM.Collect$$libinit$$00000030          0x080001a2   Section        0  libinit2.o(.ARM.Collect$$libinit$$00000030)
    .ARM.Collect$$libinit$$00000032          0x080001a2   Section        0  libinit2.o(.ARM.Collect$$libinit$$00000032)
    .ARM.Collect$$libinit$$00000033          0x080001a2   Section        2  libinit2.o(.ARM.Collect$$libinit$$00000033)
    .ARM.Collect$$libshutdown$$00000000      0x080001a4   Section        2  libshutdown.o(.ARM.Collect$$libshutdown$$00000000)
    .ARM.Collect$$libshutdown$$00000002      0x080001a6   Section        0  libshutdown2.o(.ARM.Collect$$libshutdown$$00000002)
    .ARM.Collect$$libshutdown$$00000004      0x080001a6   Section        0  libshutdown2.o(.ARM.Collect$$libshutdown$$00000004)
    .ARM.Collect$$libshutdown$$00000007      0x080001a6   Section        0  libshutdown2.o(.ARM.Collect$$libshutdown$$00000007)
    .ARM.Collect$$libshutdown$$0000000A      0x080001a6   Section        0  libshutdown2.o(.ARM.Collect$$libshutdown$$0000000A)
    .ARM.Collect$$libshutdown$$0000000C      0x080001a6   Section        0  libshutdown2.o(.ARM.Collect$$libshutdown$$0000000C)
    .ARM.Collect$$libshutdown$$0000000F      0x080001a6   Section        0  libshutdown2.o(.ARM.Collect$$libshutdown$$0000000F)
    .ARM.Collect$$libshutdown$$00000010      0x080001a6   Section        2  libshutdown2.o(.ARM.Collect$$libshutdown$$00000010)
    .ARM.Collect$$rtentry$$00000000          0x080001a8   Section        0  __rtentry.o(.ARM.Collect$$rtentry$$00000000)
    .ARM.Collect$$rtentry$$00000002          0x080001a8   Section        0  __rtentry2.o(.ARM.Collect$$rtentry$$00000002)
    .ARM.Collect$$rtentry$$00000004          0x080001a8   Section        6  __rtentry4.o(.ARM.Collect$$rtentry$$00000004)
    .ARM.Collect$$rtentry$$00000009          0x080001ae   Section        0  __rtentry2.o(.ARM.Collect$$rtentry$$00000009)
    .ARM.Collect$$rtentry$$0000000A          0x080001ae   Section        4  __rtentry2.o(.ARM.Collect$$rtentry$$0000000A)
    .ARM.Collect$$rtentry$$0000000C          0x080001b2   Section        0  __rtentry2.o(.ARM.Collect$$rtentry$$0000000C)
    .ARM.Collect$$rtentry$$0000000D          0x080001b2   Section        8  __rtentry2.o(.ARM.Collect$$rtentry$$0000000D)
    .ARM.Collect$$rtexit$$00000000           0x080001ba   Section        2  rtexit.o(.ARM.Collect$$rtexit$$00000000)
    .ARM.Collect$$rtexit$$00000002           0x080001bc   Section        0  rtexit2.o(.ARM.Collect$$rtexit$$00000002)
    .ARM.Collect$$rtexit$$00000003           0x080001bc   Section        4  rtexit2.o(.ARM.Collect$$rtexit$$00000003)
    .ARM.Collect$$rtexit$$00000004           0x080001c0   Section        6  rtexit2.o(.ARM.Collect$$rtexit$$00000004)
    .text                                    0x080001c8   Section        0  main.o(.text)
    MX_USART2_UART_Init                      0x080001cd   Thumb Code    46  main.o(.text)
    MX_USART1_UART_Init                      0x080001fb   Thumb Code    46  main.o(.text)
    MX_TIM4_Init                             0x08000229   Thumb Code    84  main.o(.text)
    MX_TIM3_Init                             0x0800027d   Thumb Code    78  main.o(.text)
    MX_DMA_Init                              0x080002cb   Thumb Code    96  main.o(.text)
    MX_GPIO_Init                             0x0800032b   Thumb Code   212  main.o(.text)
    .text                                    0x080004e8   Section        0  stm32f1xx_hal.o(.text)
    .text                                    0x08000564   Section        0  stm32f1xx_hal_cortex.o(.text)
    NVIC_SetPriority                         0x08000565   Thumb Code    32  stm32f1xx_hal_cortex.o(.text)
    NVIC_GetPriorityGrouping                 0x08000655   Thumb Code    12  stm32f1xx_hal_cortex.o(.text)
    .text                                    0x08000670   Section        0  stm32f1xx_hal_cortex.o(.text)
    .text                                    0x080006a4   Section        0  stm32f1xx_hal_dma.o(.text)
    DMA_SetConfig                            0x08000865   Thumb Code    32  stm32f1xx_hal_dma.o(.text)
    .text                                    0x08000c10   Section        0  stm32f1xx_hal_gpio.o(.text)
    .text                                    0x08001058   Section        0  stm32f1xx_hal_pcd.o(.text)
    PCD_EP_ISR_Handler                       0x080012cb   Thumb Code  1092  stm32f1xx_hal_pcd.o(.text)
    .text                                    0x08001a34   Section        0  stm32f1xx_hal_pcd_ex.o(.text)
    .text                                    0x08001a74   Section        0  stm32f1xx_hal_rcc.o(.text)
    .text                                    0x080026bc   Section        0  stm32f1xx_hal_rcc_ex.o(.text)
    .text                                    0x08002838   Section        0  stm32f1xx_hal_tim.o(.text)
    TIM_DMAPeriodElapsedCplt                 0x08002925   Thumb Code    20  stm32f1xx_hal_tim.o(.text)
    TIM_OC4_SetConfig                        0x08002ad7   Thumb Code    74  stm32f1xx_hal_tim.o(.text)
    TIM_OC3_SetConfig                        0x08002b21   Thumb Code   104  stm32f1xx_hal_tim.o(.text)
    TIM_OC1_SetConfig                        0x08002b89   Thumb Code    96  stm32f1xx_hal_tim.o(.text)
    TIM_TI4_SetConfig                        0x08002be9   Thumb Code    76  stm32f1xx_hal_tim.o(.text)
    TIM_TI3_SetConfig                        0x08002c35   Thumb Code    60  stm32f1xx_hal_tim.o(.text)
    TIM_TI2_SetConfig                        0x08002c71   Thumb Code    62  stm32f1xx_hal_tim.o(.text)
    TIM_DMATriggerCplt                       0x08002caf   Thumb Code    20  stm32f1xx_hal_tim.o(.text)
    TIM_ETR_SetConfig                        0x08002cc3   Thumb Code    24  stm32f1xx_hal_tim.o(.text)
    TIM_ITRx_SetConfig                       0x08002cdb   Thumb Code    20  stm32f1xx_hal_tim.o(.text)
    TIM_TI1_ConfigInputStage                 0x08002cef   Thumb Code    42  stm32f1xx_hal_tim.o(.text)
    TIM_TI2_ConfigInputStage                 0x08002d19   Thumb Code    44  stm32f1xx_hal_tim.o(.text)
    TIM_SlaveTimer_SetConfig                 0x08002e77   Thumb Code   164  stm32f1xx_hal_tim.o(.text)
    .text                                    0x08002f1a   Section        0  stm32f1xx_hal_tim_ex.o(.text)
    TIM_CCxNChannelCmd                       0x08002f1b   Thumb Code    28  stm32f1xx_hal_tim_ex.o(.text)
    .text                                    0x08002f9c   Section        0  stm32f1xx_hal_uart.o(.text)
    UART_SetConfig                           0x08002f9d   Thumb Code   450  stm32f1xx_hal_uart.o(.text)
    UART_WaitOnFlagUntilTimeout              0x08003215   Thumb Code   250  stm32f1xx_hal_uart.o(.text)
    UART_DMAError                            0x08003311   Thumb Code    34  stm32f1xx_hal_uart.o(.text)
    UART_DMATxHalfCplt                       0x08003335   Thumb Code    14  stm32f1xx_hal_uart.o(.text)
    UART_DMATransmitCplt                     0x08003345   Thumb Code    54  stm32f1xx_hal_uart.o(.text)
    UART_DMARxHalfCplt                       0x0800341f   Thumb Code    14  stm32f1xx_hal_uart.o(.text)
    UART_DMAReceiveCplt                      0x0800342f   Thumb Code    62  stm32f1xx_hal_uart.o(.text)
    UART_EndTransmit_IT                      0x080034ff   Thumb Code    48  stm32f1xx_hal_uart.o(.text)
    UART_Transmit_IT                         0x0800352f   Thumb Code   112  stm32f1xx_hal_uart.o(.text)
    UART_Receive_IT                          0x0800359f   Thumb Code   188  stm32f1xx_hal_uart.o(.text)
    .text                                    0x08003748   Section        0  stm32f1xx_ll_usb.o(.text)
    .text                                    0x08004256   Section        0  usbd_core.o(.text)
    .text                                    0x08004544   Section        0  usbd_ctlreq.o(.text)
    USBD_ClrFeature                          0x0800455d   Thumb Code    68  usbd_ctlreq.o(.text)
    USBD_SetFeature                          0x080045a1   Thumb Code    36  usbd_ctlreq.o(.text)
    USBD_GetStatus                           0x080045c5   Thumb Code    68  usbd_ctlreq.o(.text)
    USBD_GetConfig                           0x08004609   Thumb Code    80  usbd_ctlreq.o(.text)
    USBD_SetConfig                           0x08004659   Thumb Code   218  usbd_ctlreq.o(.text)
    USBD_SetAddress                          0x08004733   Thumb Code    84  usbd_ctlreq.o(.text)
    USBD_GetDescriptor                       0x08004787   Thumb Code   336  usbd_ctlreq.o(.text)
    USBD_GetLen                              0x08004b17   Thumb Code    20  usbd_ctlreq.o(.text)
    .text                                    0x08004b7c   Section        0  usbd_ioreq.o(.text)
    .text                                    0x08004c2c   Section        0  usbd_desc.o(.text)
    .text                                    0x08004d0c   Section        0  dap.o(.text)
    PORT_SWD_SETUP                           0x08004d0d   Thumb Code    62  dap.o(.text)
    PORT_OFF                                 0x08004d4b   Thumb Code    26  dap.o(.text)
    DAP_Info                                 0x08004d65   Thumb Code   106  dap.o(.text)
    DAP_HostStatus                           0x08004dcf   Thumb Code    82  dap.o(.text)
    DAP_Connect                              0x08004e21   Thumb Code    54  dap.o(.text)
    DAP_Disconnect                           0x08004e57   Thumb Code    30  dap.o(.text)
    DAP_SWJ_Pins                             0x08004e75   Thumb Code   372  dap.o(.text)
    DAP_SWJ_Clock                            0x08004fe9   Thumb Code    72  dap.o(.text)
    DAP_SWJ_Sequence                         0x08005031   Thumb Code    32  dap.o(.text)
    DAP_SWD_Configure                        0x08005051   Thumb Code    32  dap.o(.text)
    DAP_SWD_Abort                            0x08005071   Thumb Code    60  dap.o(.text)
    DAP_TransferConfigure                    0x080050ad   Thumb Code    40  dap.o(.text)
    DAP_SWD_Transfer                         0x080050d5   Thumb Code   870  dap.o(.text)
    DAP_SWD_TransferBlock                    0x0800543b   Thumb Code   378  dap.o(.text)
    .text                                    0x080056c4   Section        0  stm32f1xx_hal_msp.o(.text)
    .text                                    0x080059e0   Section        0  stm32f1xx_it.o(.text)
    .text                                    0x08005a88   Section        0  stm32f1xx_hal_timebase_tim.o(.text)
    .text                                    0x08005b08   Section        0  sw_dp.o(.text)
    .text                                    0x0800666c   Section        0  usbd_conf.o(.text)
    .text                                    0x08006ad8   Section        0  usbd_dap_cdc.o(.text)
    USBD_DAP_CDC_Init                        0x08006ad9   Thumb Code   126  usbd_dap_cdc.o(.text)
    USBD_DAP_CDC_DeInit                      0x08006b57   Thumb Code    58  usbd_dap_cdc.o(.text)
    USBD_DAP_Setup                           0x08006b91   Thumb Code   108  usbd_dap_cdc.o(.text)
    USBD_CDC_Setup                           0x08006bfd   Thumb Code    92  usbd_dap_cdc.o(.text)
    USBD_DAP_CDC_Setup                       0x08006c59   Thumb Code   194  usbd_dap_cdc.o(.text)
    USBD_DAP_CDC_DataIn                      0x08006d1b   Thumb Code    46  usbd_dap_cdc.o(.text)
    USBD_DAP_CDC_DataOut                     0x08006d49   Thumb Code    90  usbd_dap_cdc.o(.text)
    USBD_DAP_CDC_EP0_RxReady                 0x08006da3   Thumb Code   130  usbd_dap_cdc.o(.text)
    USBD_DAP_CDC_GetCfgDesc                  0x08006ebb   Thumb Code    10  usbd_dap_cdc.o(.text)
    .text                                    0x08006ee0   Section        0  usbd_dap_cdc_if.o(.text)
    DAP_CDC_Init                             0x08006ee1   Thumb Code    34  usbd_dap_cdc_if.o(.text)
    DAP_CDC_DeInit                           0x08006f03   Thumb Code    12  usbd_dap_cdc_if.o(.text)
    DAP_OutEvent                             0x08006f0f   Thumb Code    38  usbd_dap_cdc_if.o(.text)
    ComPort_Config                           0x08006f35   Thumb Code   212  usbd_dap_cdc_if.o(.text)
    CDC_Control                              0x08007009   Thumb Code   162  usbd_dap_cdc_if.o(.text)
    CDC_Receive                              0x0800710d   Thumb Code    22  usbd_dap_cdc_if.o(.text)
    .text                                    0x0800714c   Section        0  usb_device.o(.text)
    .text                                    0x080071a0   Section       64  startup_stm32f10x_md.o(.text)
    .text                                    0x080071e0   Section        0  system_stm32f10x.o(.text)
    SetSysClockToHSE                         0x080071e1   Thumb Code   160  system_stm32f10x.o(.text)
    SetSysClock                              0x08007281   Thumb Code     8  system_stm32f10x.o(.text)
    .text                                    0x080072ec   Section      100  rt_memcpy_w.o(.text)
    .text                                    0x08007350   Section       68  rt_memclr.o(.text)
    .text                                    0x08007394   Section        0  heapauxi.o(.text)
    .text                                    0x0800739a   Section       78  rt_memclr_w.o(.text)
    .text                                    0x080073e8   Section       74  sys_stackheap_outer.o(.text)
    .text                                    0x08007432   Section        0  exit.o(.text)
    .text                                    0x08007444   Section        8  libspace.o(.text)
    .text                                    0x0800744c   Section        0  sys_exit.o(.text)
    .text                                    0x08007458   Section        2  use_no_semi.o(.text)
    .constdata                               0x0800745a   Section        4  dap.o(.constdata)
    .text                                    0x0800745a   Section        0  indicate_semi.o(.text)
    .data                                    0x20000000   Section        4  stm32f1xx_hal.o(.data)
    uwTick                                   0x20000000   Data           4  stm32f1xx_hal.o(.data)
    .data                                    0x20000004   Section        1  usbd_ctlreq.o(.data)
    cfgidx                                   0x20000004   Data           1  usbd_ctlreq.o(.data)
    .data                                    0x20000008   Section       52  usbd_desc.o(.data)
    .data                                    0x2000003c   Section        1  dap.o(.data)
    .data                                    0x20000040   Section      176  usbd_dap_cdc.o(.data)
    USBD_DAP_CDC_CfgDesc                     0x2000007c   Data         107  usbd_dap_cdc.o(.data)
    USBD_DAP_Desc                            0x200000e7   Data           9  usbd_dap_cdc.o(.data)
    .data                                    0x200000f0   Section       72  usbd_dap_cdc_if.o(.data)
    DAP_ReportDesc                           0x200000f0   Data          33  usbd_dap_cdc_if.o(.data)
    .data                                    0x20000138   Section       28  system_stm32f10x.o(.data)
    .bss                                     0x20000154   Section      472  main.o(.bss)
    .bss                                     0x2000032c   Section       64  usbd_desc.o(.bss)
    .bss                                     0x2000036c   Section       24  dap.o(.bss)
    .bss                                     0x20000384   Section     1056  usbd_conf.o(.bss)
    .bss                                     0x200007a4   Section      176  usbd_dap_cdc.o(.bss)
    .bss                                     0x20000854   Section     4160  usbd_dap_cdc_if.o(.bss)
    .bss                                     0x20001894   Section      548  usb_device.o(.bss)
    .bss                                     0x20001ab8   Section       96  libspace.o(.bss)
    HEAP                                     0x20001b18   Section      512  startup_stm32f10x_md.o(HEAP)
    Heap_Mem                                 0x20001b18   Data         512  startup_stm32f10x_md.o(HEAP)
    STACK                                    0x20001d18   Section     1024  startup_stm32f10x_md.o(STACK)
    Stack_Mem                                0x20001d18   Data        1024  startup_stm32f10x_md.o(STACK)
    __initial_sp                             0x20002118   Data           0  startup_stm32f10x_md.o(STACK)

    Global Symbols

    Symbol Name                              Value     Ov Type        Size  Object(Section)

    BuildAttributes$$THM_ISAv4$P$D$K$B$S$PE$A:L22UL41UL21$X:L11$S22US41US21$IEEE1$IW$USESV6$~STKCKD$USESV7$~SHL$OSPACE$ROPI$EBA8$UX$STANDARDLIB$REQ8$PRES8$EABIv2 0x00000000   Number         0  anon$$obj.o ABSOLUTE
    __ARM_use_no_argv                        0x00000000   Number         0  main.o ABSOLUTE
    __ARM_exceptions_init                     - Undefined Weak Reference
    __alloca_initialize                       - Undefined Weak Reference
    __arm_preinit_                            - Undefined Weak Reference
    __cpp_initialize__aeabi_                  - Undefined Weak Reference
    __cxa_finalize                            - Undefined Weak Reference
    __rt_locale                               - Undefined Weak Reference
    __sigvec_lookup                           - Undefined Weak Reference
    _atexit_init                              - Undefined Weak Reference
    _call_atexit_fns                          - Undefined Weak Reference
    _clock_init                               - Undefined Weak Reference
    _fp_trap_init                             - Undefined Weak Reference
    _fp_trap_shutdown                         - Undefined Weak Reference
    _get_lc_collate                           - Undefined Weak Reference
    _get_lc_ctype                             - Undefined Weak Reference
    _get_lc_monetary                          - Undefined Weak Reference
    _get_lc_numeric                           - Undefined Weak Reference
    _get_lc_time                              - Undefined Weak Reference
    _getenv_init                              - Undefined Weak Reference
    _handle_redirection                       - Undefined Weak Reference
    _init_alloc                               - Undefined Weak Reference
    _init_user_alloc                          - Undefined Weak Reference
    _initio                                   - Undefined Weak Reference
    _rand_init                                - Undefined Weak Reference
    _signal_finish                            - Undefined Weak Reference
    _signal_init                              - Undefined Weak Reference
    _terminate_alloc                          - Undefined Weak Reference
    _terminate_user_alloc                     - Undefined Weak Reference
    _terminateio                              - Undefined Weak Reference
    __Vectors_Size                           0x000000ec   Number         0  startup_stm32f10x_md.o ABSOLUTE
    __Vectors                                0x08000000   Data           4  startup_stm32f10x_md.o(RESET)
    __Vectors_End                            0x080000ec   Data           0  startup_stm32f10x_md.o(RESET)
    __main                                   0x080000ed   Thumb Code     8  __main.o(!!!main)
    __scatterload                            0x080000f5   Thumb Code     0  __scatter.o(!!!scatter)
    __scatterload_rt2                        0x080000f5   Thumb Code    44  __scatter.o(!!!scatter)
    __scatterload_rt2_thumb_only             0x080000f5   Thumb Code     0  __scatter.o(!!!scatter)
    __scatterload_null                       0x08000103   Thumb Code     0  __scatter.o(!!!scatter)
    __decompress                             0x08000129   Thumb Code    90  __dczerorl2.o(!!dczerorl2)
    __decompress1                            0x08000129   Thumb Code     0  __dczerorl2.o(!!dczerorl2)
    __scatterload_zeroinit                   0x08000185   Thumb Code    28  __scatter_zi.o(!!handler_zi)
    __rt_lib_init                            0x080001a1   Thumb Code     0  libinit.o(.ARM.Collect$$libinit$$00000000)
    __rt_lib_init_alloca_1                   0x080001a3   Thumb Code     0  libinit2.o(.ARM.Collect$$libinit$$0000002E)
    __rt_lib_init_argv_1                     0x080001a3   Thumb Code     0  libinit2.o(.ARM.Collect$$libinit$$0000002C)
    __rt_lib_init_atexit_1                   0x080001a3   Thumb Code     0  libinit2.o(.ARM.Collect$$libinit$$0000001B)
    __rt_lib_init_clock_1                    0x080001a3   Thumb Code     0  libinit2.o(.ARM.Collect$$libinit$$00000021)
    __rt_lib_init_cpp_1                      0x080001a3   Thumb Code     0  libinit2.o(.ARM.Collect$$libinit$$00000032)
    __rt_lib_init_exceptions_1               0x080001a3   Thumb Code     0  libinit2.o(.ARM.Collect$$libinit$$00000030)
    __rt_lib_init_fp_1                       0x080001a3   Thumb Code     0  libinit2.o(.ARM.Collect$$libinit$$00000002)
    __rt_lib_init_fp_trap_1                  0x080001a3   Thumb Code     0  libinit2.o(.ARM.Collect$$libinit$$0000001F)
    __rt_lib_init_getenv_1                   0x080001a3   Thumb Code     0  libinit2.o(.ARM.Collect$$libinit$$00000023)
    __rt_lib_init_heap_1                     0x080001a3   Thumb Code     0  libinit2.o(.ARM.Collect$$libinit$$0000000A)
    __rt_lib_init_lc_collate_1               0x080001a3   Thumb Code     0  libinit2.o(.ARM.Collect$$libinit$$00000011)
    __rt_lib_init_lc_ctype_1                 0x080001a3   Thumb Code     0  libinit2.o(.ARM.Collect$$libinit$$00000013)
    __rt_lib_init_lc_monetary_1              0x080001a3   Thumb Code     0  libinit2.o(.ARM.Collect$$libinit$$00000015)
    __rt_lib_init_lc_numeric_1               0x080001a3   Thumb Code     0  libinit2.o(.ARM.Collect$$libinit$$00000017)
    __rt_lib_init_lc_time_1                  0x080001a3   Thumb Code     0  libinit2.o(.ARM.Collect$$libinit$$00000019)
    __rt_lib_init_preinit_1                  0x080001a3   Thumb Code     0  libinit2.o(.ARM.Collect$$libinit$$00000004)
    __rt_lib_init_rand_1                     0x080001a3   Thumb Code     0  libinit2.o(.ARM.Collect$$libinit$$0000000E)
    __rt_lib_init_return                     0x080001a3   Thumb Code     0  libinit2.o(.ARM.Collect$$libinit$$00000033)
    __rt_lib_init_signal_1                   0x080001a3   Thumb Code     0  libinit2.o(.ARM.Collect$$libinit$$0000001D)
    __rt_lib_init_stdio_1                    0x080001a3   Thumb Code     0  libinit2.o(.ARM.Collect$$libinit$$00000025)
    __rt_lib_init_user_alloc_1               0x080001a3   Thumb Code     0  libinit2.o(.ARM.Collect$$libinit$$0000000C)
    __rt_lib_shutdown                        0x080001a5   Thumb Code     0  libshutdown.o(.ARM.Collect$$libshutdown$$00000000)
    __rt_lib_shutdown_cpp_1                  0x080001a7   Thumb Code     0  libshutdown2.o(.ARM.Collect$$libshutdown$$00000002)
    __rt_lib_shutdown_fp_trap_1              0x080001a7   Thumb Code     0  libshutdown2.o(.ARM.Collect$$libshutdown$$00000007)
    __rt_lib_shutdown_heap_1                 0x080001a7   Thumb Code     0  libshutdown2.o(.ARM.Collect$$libshutdown$$0000000F)
    __rt_lib_shutdown_return                 0x080001a7   Thumb Code     0  libshutdown2.o(.ARM.Collect$$libshutdown$$00000010)
    __rt_lib_shutdown_signal_1               0x080001a7   Thumb Code     0  libshutdown2.o(.ARM.Collect$$libshutdown$$0000000A)
    __rt_lib_shutdown_stdio_1                0x080001a7   Thumb Code     0  libshutdown2.o(.ARM.Collect$$libshutdown$$00000004)
    __rt_lib_shutdown_user_alloc_1           0x080001a7   Thumb Code     0  libshutdown2.o(.ARM.Collect$$libshutdown$$0000000C)
    __rt_entry                               0x080001a9   Thumb Code     0  __rtentry.o(.ARM.Collect$$rtentry$$00000000)
    __rt_entry_presh_1                       0x080001a9   Thumb Code     0  __rtentry2.o(.ARM.Collect$$rtentry$$00000002)
    __rt_entry_sh                            0x080001a9   Thumb Code     0  __rtentry4.o(.ARM.Collect$$rtentry$$00000004)
    __rt_entry_li                            0x080001af   Thumb Code     0  __rtentry2.o(.ARM.Collect$$rtentry$$0000000A)
    __rt_entry_postsh_1                      0x080001af   Thumb Code     0  __rtentry2.o(.ARM.Collect$$rtentry$$00000009)
    __rt_entry_main                          0x080001b3   Thumb Code     0  __rtentry2.o(.ARM.Collect$$rtentry$$0000000D)
    __rt_entry_postli_1                      0x080001b3   Thumb Code     0  __rtentry2.o(.ARM.Collect$$rtentry$$0000000C)
    __rt_exit                                0x080001bb   Thumb Code     0  rtexit.o(.ARM.Collect$$rtexit$$00000000)
    __rt_exit_ls                             0x080001bd   Thumb Code     0  rtexit2.o(.ARM.Collect$$rtexit$$00000003)
    __rt_exit_prels_1                        0x080001bd   Thumb Code     0  rtexit2.o(.ARM.Collect$$rtexit$$00000002)
    __rt_exit_exit                           0x080001c1   Thumb Code     0  rtexit2.o(.ARM.Collect$$rtexit$$00000004)
    Error_Handler                            0x080001c9   Thumb Code     4  main.o(.text)
    SystemClock_Config                       0x080003ff   Thumb Code   114  main.o(.text)
    main                                     0x08000471   Thumb Code    40  main.o(.text)
    HAL_TIM_PeriodElapsedCallback            0x08000499   Thumb Code    18  main.o(.text)
    HAL_UART_TxCpltCallback                  0x080004ab   Thumb Code    18  main.o(.text)
    HAL_Init                                 0x0800050f   Thumb Code    34  stm32f1xx_hal.o(.text)
    HAL_IncTick                              0x08000531   Thumb Code    12  stm32f1xx_hal.o(.text)
    HAL_GetTick                              0x0800053d   Thumb Code     6  stm32f1xx_hal.o(.text)
    HAL_Delay                                0x08000543   Thumb Code    26  stm32f1xx_hal.o(.text)
    HAL_NVIC_SetPriorityGrouping             0x08000585   Thumb Code    36  stm32f1xx_hal_cortex.o(.text)
    HAL_NVIC_SetPriority                     0x080005a9   Thumb Code   124  stm32f1xx_hal_cortex.o(.text)
    HAL_NVIC_EnableIRQ                       0x08000625   Thumb Code    26  stm32f1xx_hal_cortex.o(.text)
    HAL_NVIC_DisableIRQ                      0x0800063f   Thumb Code    22  stm32f1xx_hal_cortex.o(.text)
    HAL_SYSTICK_Config                       0x08000671   Thumb Code    52  stm32f1xx_hal_cortex.o(.text)
    HAL_DMA_Init                             0x080006a5   Thumb Code    84  stm32f1xx_hal_dma.o(.text)
    HAL_DMA_DeInit                           0x080006f9   Thumb Code   364  stm32f1xx_hal_dma.o(.text)
    HAL_DMA_Start_IT                         0x08000885   Thumb Code   118  stm32f1xx_hal_dma.o(.text)
    HAL_DMA_IRQHandler                       0x080008fb   Thumb Code   784  stm32f1xx_hal_dma.o(.text)
    HAL_GPIO_Init                            0x08000c11   Thumb Code   764  stm32f1xx_hal_gpio.o(.text)
    HAL_GPIO_DeInit                          0x08000f0d   Thumb Code   288  stm32f1xx_hal_gpio.o(.text)
    HAL_GPIO_WritePin                        0x0800102d   Thumb Code    12  stm32f1xx_hal_gpio.o(.text)
    HAL_PCD_Init                             0x0800105b   Thumb Code   282  stm32f1xx_hal_pcd.o(.text)
    HAL_PCD_Start                            0x08001175   Thumb Code    60  stm32f1xx_hal_pcd.o(.text)
    HAL_PCD_SetAddress                       0x080011b7   Thumb Code    54  stm32f1xx_hal_pcd.o(.text)
    HAL_PCD_EP_Transmit                      0x080011ef   Thumb Code   108  stm32f1xx_hal_pcd.o(.text)
    HAL_PCD_EP_Receive                       0x0800125d   Thumb Code   106  stm32f1xx_hal_pcd.o(.text)
    HAL_PCD_IRQHandler                       0x0800170f   Thumb Code   356  stm32f1xx_hal_pcd.o(.text)
    HAL_PCD_EP_Open                          0x08001873   Thumb Code   118  stm32f1xx_hal_pcd.o(.text)
    HAL_PCD_EP_Close                         0x080018e9   Thumb Code   100  stm32f1xx_hal_pcd.o(.text)
    HAL_PCD_EP_GetRxCount                    0x0800194d   Thumb Code    20  stm32f1xx_hal_pcd.o(.text)
    HAL_PCD_EP_SetStall                      0x08001961   Thumb Code   114  stm32f1xx_hal_pcd.o(.text)
    HAL_PCD_EP_ClrStall                      0x080019d3   Thumb Code    98  stm32f1xx_hal_pcd.o(.text)
    HAL_PCDEx_PMAConfig                      0x08001a35   Thumb Code    62  stm32f1xx_hal_pcd_ex.o(.text)
    HAL_RCC_OscConfig                        0x08001a75   Thumb Code  2164  stm32f1xx_hal_rcc.o(.text)
    HAL_RCC_GetSysClockFreq                  0x080022e9   Thumb Code   146  stm32f1xx_hal_rcc.o(.text)
    HAL_RCC_ClockConfig                      0x0800237b   Thumb Code   648  stm32f1xx_hal_rcc.o(.text)
    HAL_RCC_GetHCLKFreq                      0x08002603   Thumb Code     6  stm32f1xx_hal_rcc.o(.text)
    HAL_RCC_GetPCLK1Freq                     0x08002609   Thumb Code    36  stm32f1xx_hal_rcc.o(.text)
    HAL_RCC_GetPCLK2Freq                     0x0800262d   Thumb Code    36  stm32f1xx_hal_rcc.o(.text)
    HAL_RCC_GetClockConfig                   0x08002651   Thumb Code   108  stm32f1xx_hal_rcc.o(.text)
    HAL_RCCEx_PeriphCLKConfig                0x080026bd   Thumb Code   366  stm32f1xx_hal_rcc_ex.o(.text)
    TIM_Base_SetConfig                       0x08002839   Thumb Code    94  stm32f1xx_hal_tim.o(.text)
    HAL_TIM_Base_Init                        0x08002899   Thumb Code    52  stm32f1xx_hal_tim.o(.text)
    HAL_TIM_Base_Start_IT                    0x080028cd   Thumb Code    30  stm32f1xx_hal_tim.o(.text)
    HAL_TIM_Base_Stop_IT                     0x080028eb   Thumb Code    56  stm32f1xx_hal_tim.o(.text)
    HAL_TIM_PWM_PulseFinishedCallback        0x08002939   Thumb Code     2  stm32f1xx_hal_tim.o(.text)
    HAL_TIM_IC_CaptureCallback               0x0800293b   Thumb Code     2  stm32f1xx_hal_tim.o(.text)
    HAL_TIM_TriggerCallback                  0x0800293d   Thumb Code     2  stm32f1xx_hal_tim.o(.text)
    HAL_TIM_OC_DelayElapsedCallback          0x0800293f   Thumb Code     2  stm32f1xx_hal_tim.o(.text)
    HAL_TIM_IRQHandler                       0x08002941   Thumb Code   406  stm32f1xx_hal_tim.o(.text)
    HAL_TIM_ConfigClockSource                0x08002d45   Thumb Code   306  stm32f1xx_hal_tim.o(.text)
    HAL_TIMEx_CommutationCallback            0x08002f37   Thumb Code     2  stm32f1xx_hal_tim_ex.o(.text)
    HAL_TIMEx_MasterConfigSynchronization    0x08002f39   Thumb Code    98  stm32f1xx_hal_tim_ex.o(.text)
    HAL_TIMEx_BreakCallback                  0x08002f9b   Thumb Code     2  stm32f1xx_hal_tim_ex.o(.text)
    HAL_UART_Init                            0x08003161   Thumb Code   110  stm32f1xx_hal_uart.o(.text)
    HAL_UART_DeInit                          0x080031d1   Thumb Code    68  stm32f1xx_hal_uart.o(.text)
    HAL_UART_ErrorCallback                   0x0800330f   Thumb Code     2  stm32f1xx_hal_uart.o(.text)
    HAL_UART_TxHalfCpltCallback              0x08003333   Thumb Code     2  stm32f1xx_hal_uart.o(.text)
    HAL_UART_Transmit_DMA                    0x0800337b   Thumb Code   162  stm32f1xx_hal_uart.o(.text)
    HAL_UART_RxHalfCpltCallback              0x0800341d   Thumb Code     2  stm32f1xx_hal_uart.o(.text)
    HAL_UART_RxCpltCallback                  0x0800342d   Thumb Code     2  stm32f1xx_hal_uart.o(.text)
    HAL_UART_Receive_DMA                     0x0800346d   Thumb Code   146  stm32f1xx_hal_uart.o(.text)
    HAL_UART_IRQHandler                      0x0800365b   Thumb Code   218  stm32f1xx_hal_uart.o(.text)
    USB_CoreInit                             0x08003749   Thumb Code     8  stm32f1xx_ll_usb.o(.text)
    USB_EnableGlobalInt                      0x08003751   Thumb Code    22  stm32f1xx_ll_usb.o(.text)
    USB_DisableGlobalInt                     0x08003767   Thumb Code    22  stm32f1xx_ll_usb.o(.text)
    USB_SetCurrentMode                       0x0800377d   Thumb Code     6  stm32f1xx_ll_usb.o(.text)
    USB_DevInit                              0x08003783   Thumb Code    22  stm32f1xx_ll_usb.o(.text)
    USB_ActivateEndpoint                     0x08003799   Thumb Code   938  stm32f1xx_ll_usb.o(.text)
    USB_DeactivateEndpoint                   0x08003b43   Thumb Code   532  stm32f1xx_ll_usb.o(.text)
    USB_WritePMA                             0x08003d57   Thumb Code    66  stm32f1xx_ll_usb.o(.text)
    USB_EPStartXfer                          0x08003d99   Thumb Code   818  stm32f1xx_ll_usb.o(.text)
    USB_EPSetStall                           0x080040cb   Thumb Code   134  stm32f1xx_ll_usb.o(.text)
    USB_EPClearStall                         0x08004151   Thumb Code   180  stm32f1xx_ll_usb.o(.text)
    USB_SetDevAddress                        0x08004205   Thumb Code    14  stm32f1xx_ll_usb.o(.text)
    USB_DevConnect                           0x08004213   Thumb Code     6  stm32f1xx_ll_usb.o(.text)
    USB_DevDisconnect                        0x08004219   Thumb Code     6  stm32f1xx_ll_usb.o(.text)
    USB_ReadInterrupts                       0x0800421f   Thumb Code    10  stm32f1xx_ll_usb.o(.text)
    USB_EP0_OutStart                         0x08004229   Thumb Code     6  stm32f1xx_ll_usb.o(.text)
    USB_ReadPMA                              0x0800422f   Thumb Code    40  stm32f1xx_ll_usb.o(.text)
    USBD_Init                                0x08004257   Thumb Code    50  usbd_core.o(.text)
    USBD_RegisterClass                       0x08004289   Thumb Code    16  usbd_core.o(.text)
    USBD_Start                               0x08004299   Thumb Code    14  usbd_core.o(.text)
    USBD_RunTestMode                         0x080042a7   Thumb Code     6  usbd_core.o(.text)
    USBD_SetClassConfig                      0x080042ad   Thumb Code    34  usbd_core.o(.text)
    USBD_ClrClassConfig                      0x080042cf   Thumb Code    22  usbd_core.o(.text)
    USBD_LL_SetupStage                       0x080042e5   Thumb Code   110  usbd_core.o(.text)
    USBD_LL_DataOutStage                     0x08004353   Thumb Code   134  usbd_core.o(.text)
    USBD_LL_DataInStage                      0x080043d9   Thumb Code   218  usbd_core.o(.text)
    USBD_LL_Reset                            0x080044b3   Thumb Code    68  usbd_core.o(.text)
    USBD_LL_SetSpeed                         0x080044f7   Thumb Code     8  usbd_core.o(.text)
    USBD_LL_Suspend                          0x080044ff   Thumb Code    20  usbd_core.o(.text)
    USBD_LL_Resume                           0x08004513   Thumb Code    14  usbd_core.o(.text)
    USBD_LL_SOF                              0x08004521   Thumb Code    34  usbd_core.o(.text)
    USBD_CtlError                            0x08004545   Thumb Code    24  usbd_ctlreq.o(.text)
    USBD_StdDevReq                           0x080048d7   Thumb Code   114  usbd_ctlreq.o(.text)
    USBD_StdItfReq                           0x08004949   Thumb Code    74  usbd_ctlreq.o(.text)
    USBD_StdEPReq                            0x08004993   Thumb Code   348  usbd_ctlreq.o(.text)
    USBD_ParseSetupRequest                   0x08004aef   Thumb Code    40  usbd_ctlreq.o(.text)
    USBD_GetString                           0x08004b2b   Thumb Code    82  usbd_ctlreq.o(.text)
    USBD_CtlSendData                         0x08004b7d   Thumb Code    34  usbd_ioreq.o(.text)
    USBD_CtlContinueSendData                 0x08004b9f   Thumb Code    24  usbd_ioreq.o(.text)
    USBD_CtlPrepareRx                        0x08004bb7   Thumb Code    40  usbd_ioreq.o(.text)
    USBD_CtlContinueRx                       0x08004bdf   Thumb Code    24  usbd_ioreq.o(.text)
    USBD_CtlSendStatus                       0x08004bf7   Thumb Code    26  usbd_ioreq.o(.text)
    USBD_CtlReceiveStatus                    0x08004c11   Thumb Code    26  usbd_ioreq.o(.text)
    USBD_FS_DeviceDescriptor                 0x08004c2d   Thumb Code    10  usbd_desc.o(.text)
    USBD_FS_LangIDStrDescriptor              0x08004c37   Thumb Code    10  usbd_desc.o(.text)
    USBD_FS_ProductStrDescriptor             0x08004c41   Thumb Code    20  usbd_desc.o(.text)
    USBD_FS_ManufacturerStrDescriptor        0x08004c55   Thumb Code    20  usbd_desc.o(.text)
    USBD_FS_SerialStrDescriptor              0x08004c69   Thumb Code    20  usbd_desc.o(.text)
    USBD_FS_ConfigStrDescriptor              0x08004c7d   Thumb Code    20  usbd_desc.o(.text)
    USBD_FS_InterfaceStrDescriptor           0x08004c91   Thumb Code    20  usbd_desc.o(.text)
    DAP_ProcessVendorCommand                 0x080055b5   Thumb Code    10  dap.o(.text)
    DAP_ProcessCommand                       0x080055bf   Thumb Code   228  dap.o(.text)
    DAP_Setup                                0x080056a3   Thumb Code    26  dap.o(.text)
    HAL_MspInit                              0x080056c5   Thumb Code   120  stm32f1xx_hal_msp.o(.text)
    HAL_TIM_Base_MspInit                     0x0800573d   Thumb Code   112  stm32f1xx_hal_msp.o(.text)
    HAL_UART_MspInit                         0x080057ad   Thumb Code   412  stm32f1xx_hal_msp.o(.text)
    HAL_UART_MspDeInit                       0x08005949   Thumb Code   102  stm32f1xx_hal_msp.o(.text)
    NMI_Handler                              0x080059e1   Thumb Code     2  stm32f1xx_it.o(.text)
    HardFault_Handler                        0x080059e3   Thumb Code     4  stm32f1xx_it.o(.text)
    MemManage_Handler                        0x080059e7   Thumb Code     4  stm32f1xx_it.o(.text)
    BusFault_Handler                         0x080059eb   Thumb Code     4  stm32f1xx_it.o(.text)
    UsageFault_Handler                       0x080059ef   Thumb Code     4  stm32f1xx_it.o(.text)
    SVC_Handler                              0x080059f3   Thumb Code     2  stm32f1xx_it.o(.text)
    DebugMon_Handler                         0x080059f5   Thumb Code     2  stm32f1xx_it.o(.text)
    PendSV_Handler                           0x080059f7   Thumb Code     2  stm32f1xx_it.o(.text)
    DMA1_Channel4_IRQHandler                 0x080059f9   Thumb Code    10  stm32f1xx_it.o(.text)
    DMA1_Channel5_IRQHandler                 0x08005a03   Thumb Code    10  stm32f1xx_it.o(.text)
    DMA1_Channel6_IRQHandler                 0x08005a0d   Thumb Code    10  stm32f1xx_it.o(.text)
    DMA1_Channel7_IRQHandler                 0x08005a17   Thumb Code    10  stm32f1xx_it.o(.text)
    USB_LP_CAN1_RX0_IRQHandler               0x08005a21   Thumb Code    10  stm32f1xx_it.o(.text)
    TIM2_IRQHandler                          0x08005a2b   Thumb Code    18  stm32f1xx_it.o(.text)
    TIM3_IRQHandler                          0x08005a3d   Thumb Code    10  stm32f1xx_it.o(.text)
    TIM4_IRQHandler                          0x08005a47   Thumb Code    10  stm32f1xx_it.o(.text)
    USART1_IRQHandler                        0x08005a51   Thumb Code    10  stm32f1xx_it.o(.text)
    USART2_IRQHandler                        0x08005a5b   Thumb Code    10  stm32f1xx_it.o(.text)
    HAL_InitTick                             0x08005a89   Thumb Code   118  stm32f1xx_hal_timebase_tim.o(.text)
    SWJ_Sequence                             0x08005b09   Thumb Code   128  sw_dp.o(.text)
    SWD_Transfer                             0x08005b89   Thumb Code  2780  sw_dp.o(.text)
    HAL_PCD_MspInit                          0x0800666d   Thumb Code    58  usbd_conf.o(.text)
    HAL_PCD_SetupStageCallback               0x080066a7   Thumb Code    18  usbd_conf.o(.text)
    HAL_PCD_DataOutStageCallback             0x080066b9   Thumb Code    28  usbd_conf.o(.text)
    HAL_PCD_DataInStageCallback              0x080066d5   Thumb Code    28  usbd_conf.o(.text)
    HAL_PCD_SOFCallback                      0x080066f1   Thumb Code    14  usbd_conf.o(.text)
    HAL_PCD_ResetCallback                    0x080066ff   Thumb Code    42  usbd_conf.o(.text)
    HAL_PCD_SuspendCallback                  0x08006729   Thumb Code    30  usbd_conf.o(.text)
    HAL_PCD_ResumeCallback                   0x08006747   Thumb Code    14  usbd_conf.o(.text)
    USBD_LL_Init                             0x08006755   Thumb Code   152  usbd_conf.o(.text)
    USBD_LL_Start                            0x080067ed   Thumb Code    60  usbd_conf.o(.text)
    USBD_LL_OpenEP                           0x08006829   Thumb Code    98  usbd_conf.o(.text)
    USBD_LL_CloseEP                          0x0800688b   Thumb Code    68  usbd_conf.o(.text)
    USBD_LL_StallEP                          0x080068cf   Thumb Code    68  usbd_conf.o(.text)
    USBD_LL_ClearStallEP                     0x08006913   Thumb Code    68  usbd_conf.o(.text)
    USBD_LL_IsStallEP                        0x08006957   Thumb Code    48  usbd_conf.o(.text)
    USBD_LL_SetUSBAddress                    0x08006987   Thumb Code    68  usbd_conf.o(.text)
    USBD_LL_Transmit                         0x080069cb   Thumb Code    98  usbd_conf.o(.text)
    USBD_LL_PrepareReceive                   0x08006a2d   Thumb Code   114  usbd_conf.o(.text)
    USBD_LL_GetRxDataSize                    0x08006a9f   Thumb Code    18  usbd_conf.o(.text)
    HAL_PCDEx_SetConnectionState             0x08006ab1   Thumb Code    36  usbd_conf.o(.text)
    USBD_DAP_SendReport                      0x08006e25   Thumb Code    48  usbd_dap_cdc.o(.text)
    USBD_CDC_SetTxBuffer                     0x08006e55   Thumb Code    16  usbd_dap_cdc.o(.text)
    USBD_CDC_SetRxBuffer                     0x08006e65   Thumb Code    12  usbd_dap_cdc.o(.text)
    USBD_CDC_TransmitPacket                  0x08006e71   Thumb Code    50  usbd_dap_cdc.o(.text)
    USBD_CDC_ReceivePacket                   0x08006ea3   Thumb Code    24  usbd_dap_cdc.o(.text)
    USBD_DAP_CDC_RegisterInterface           0x08006ec5   Thumb Code    14  usbd_dap_cdc.o(.text)
    HAL_TIM4_PeriodElapsedCallback           0x080070ab   Thumb Code    98  usbd_dap_cdc_if.o(.text)
    HAL_UART2_TxCpltCallback                 0x08007123   Thumb Code    10  usbd_dap_cdc_if.o(.text)
    MX_USB_DEVICE_Init                       0x0800714d   Thumb Code    54  usb_device.o(.text)
    Reset_Handler                            0x080071a1   Thumb Code     8  startup_stm32f10x_md.o(.text)
    SysTick_Handler                          0x080071b9   Thumb Code     2  startup_stm32f10x_md.o(.text)
    ADC1_2_IRQHandler                        0x080071bb   Thumb Code     0  startup_stm32f10x_md.o(.text)
    CAN1_RX1_IRQHandler                      0x080071bb   Thumb Code     0  startup_stm32f10x_md.o(.text)
    CAN1_SCE_IRQHandler                      0x080071bb   Thumb Code     0  startup_stm32f10x_md.o(.text)
    DMA1_Channel1_IRQHandler                 0x080071bb   Thumb Code     0  startup_stm32f10x_md.o(.text)
    DMA1_Channel2_IRQHandler                 0x080071bb   Thumb Code     0  startup_stm32f10x_md.o(.text)
    DMA1_Channel3_IRQHandler                 0x080071bb   Thumb Code     0  startup_stm32f10x_md.o(.text)
    EXTI0_IRQHandler                         0x080071bb   Thumb Code     0  startup_stm32f10x_md.o(.text)
    EXTI15_10_IRQHandler                     0x080071bb   Thumb Code     0  startup_stm32f10x_md.o(.text)
    EXTI1_IRQHandler                         0x080071bb   Thumb Code     0  startup_stm32f10x_md.o(.text)
    EXTI2_IRQHandler                         0x080071bb   Thumb Code     0  startup_stm32f10x_md.o(.text)
    EXTI3_IRQHandler                         0x080071bb   Thumb Code     0  startup_stm32f10x_md.o(.text)
    EXTI4_IRQHandler                         0x080071bb   Thumb Code     0  startup_stm32f10x_md.o(.text)
    EXTI9_5_IRQHandler                       0x080071bb   Thumb Code     0  startup_stm32f10x_md.o(.text)
    FLASH_IRQHandler                         0x080071bb   Thumb Code     0  startup_stm32f10x_md.o(.text)
    I2C1_ER_IRQHandler                       0x080071bb   Thumb Code     0  startup_stm32f10x_md.o(.text)
    I2C1_EV_IRQHandler                       0x080071bb   Thumb Code     0  startup_stm32f10x_md.o(.text)
    I2C2_ER_IRQHandler                       0x080071bb   Thumb Code     0  startup_stm32f10x_md.o(.text)
    I2C2_EV_IRQHandler                       0x080071bb   Thumb Code     0  startup_stm32f10x_md.o(.text)
    PVD_IRQHandler                           0x080071bb   Thumb Code     0  startup_stm32f10x_md.o(.text)
    RCC_IRQHandler                           0x080071bb   Thumb Code     0  startup_stm32f10x_md.o(.text)
    RTCAlarm_IRQHandler                      0x080071bb   Thumb Code     0  startup_stm32f10x_md.o(.text)
    RTC_IRQHandler                           0x080071bb   Thumb Code     0  startup_stm32f10x_md.o(.text)
    SPI1_IRQHandler                          0x080071bb   Thumb Code     0  startup_stm32f10x_md.o(.text)
    SPI2_IRQHandler                          0x080071bb   Thumb Code     0  startup_stm32f10x_md.o(.text)
    TAMPER_IRQHandler                        0x080071bb   Thumb Code     0  startup_stm32f10x_md.o(.text)
    TIM1_BRK_IRQHandler                      0x080071bb   Thumb Code     0  startup_stm32f10x_md.o(.text)
    TIM1_CC_IRQHandler                       0x080071bb   Thumb Code     0  startup_stm32f10x_md.o(.text)
    TIM1_TRG_COM_IRQHandler                  0x080071bb   Thumb Code     0  startup_stm32f10x_md.o(.text)
    TIM1_UP_IRQHandler                       0x080071bb   Thumb Code     0  startup_stm32f10x_md.o(.text)
    USART3_IRQHandler                        0x080071bb   Thumb Code     0  startup_stm32f10x_md.o(.text)
    USBWakeUp_IRQHandler                     0x080071bb   Thumb Code     0  startup_stm32f10x_md.o(.text)
    USB_HP_CAN1_TX_IRQHandler                0x080071bb   Thumb Code     0  startup_stm32f10x_md.o(.text)
    WWDG_IRQHandler                          0x080071bb   Thumb Code     0  startup_stm32f10x_md.o(.text)
    __user_initial_stackheap                 0x080071bd   Thumb Code     0  startup_stm32f10x_md.o(.text)
    SystemInit                               0x08007289   Thumb Code    78  system_stm32f10x.o(.text)
    __aeabi_memcpy4                          0x080072ed   Thumb Code     0  rt_memcpy_w.o(.text)
    __aeabi_memcpy8                          0x080072ed   Thumb Code     0  rt_memcpy_w.o(.text)
    __rt_memcpy_w                            0x080072ed   Thumb Code   100  rt_memcpy_w.o(.text)
    _memcpy_lastbytes_aligned                0x08007335   Thumb Code     0  rt_memcpy_w.o(.text)
    __aeabi_memclr                           0x08007351   Thumb Code     0  rt_memclr.o(.text)
    __rt_memclr                              0x08007351   Thumb Code    68  rt_memclr.o(.text)
    _memset                                  0x08007355   Thumb Code     0  rt_memclr.o(.text)
    __use_two_region_memory                  0x08007395   Thumb Code     2  heapauxi.o(.text)
    __rt_heap_escrow$2region                 0x08007397   Thumb Code     2  heapauxi.o(.text)
    __rt_heap_expand$2region                 0x08007399   Thumb Code     2  heapauxi.o(.text)
    __aeabi_memclr4                          0x0800739b   Thumb Code     0  rt_memclr_w.o(.text)
    __aeabi_memclr8                          0x0800739b   Thumb Code     0  rt_memclr_w.o(.text)
    __rt_memclr_w                            0x0800739b   Thumb Code    78  rt_memclr_w.o(.text)
    _memset_w                                0x0800739f   Thumb Code     0  rt_memclr_w.o(.text)
    __user_setup_stackheap                   0x080073e9   Thumb Code    74  sys_stackheap_outer.o(.text)
    exit                                     0x08007433   Thumb Code    18  exit.o(.text)
    __user_libspace                          0x08007445   Thumb Code     8  libspace.o(.text)
    __user_perproc_libspace                  0x08007445   Thumb Code     0  libspace.o(.text)
    __user_perthread_libspace                0x08007445   Thumb Code     0  libspace.o(.text)
    _sys_exit                                0x0800744d   Thumb Code     8  sys_exit.o(.text)
    __I$use$semihosting                      0x08007459   Thumb Code     0  use_no_semi.o(.text)
    __use_no_semihosting_swi                 0x08007459   Thumb Code     2  use_no_semi.o(.text)
    DAP_FW_Ver                               0x0800745a   Data           4  dap.o(.constdata)
    __semihosting_library_function           0x0800745b   Thumb Code     0  indicate_semi.o(.text)
    Region$$Table$$Base                      0x08007460   Number         0  anon$$obj.o(Region$$Table)
    Region$$Table$$Limit                     0x08007480   Number         0  anon$$obj.o(Region$$Table)
    FS_Desc                                  0x20000008   Data          28  usbd_desc.o(.data)
    USBD_FS_DeviceDesc                       0x20000024   Data          18  usbd_desc.o(.data)
    USBD_LangIDDesc                          0x20000038   Data           4  usbd_desc.o(.data)
    DAP_TransferAbort                        0x2000003c   Data           1  dap.o(.data)
    USBD_DAP_CDC                             0x20000040   Data          60  usbd_dap_cdc.o(.data)
    LineCoding                               0x20000114   Data           8  usbd_dap_cdc_if.o(.data)
    TxReadPtr                                0x2000011c   Data           4  usbd_dap_cdc_if.o(.data)
    USBD_Interface_fops                      0x20000120   Data          24  usbd_dap_cdc_if.o(.data)
    SystemCoreClock                          0x20000138   Data           4  system_stm32f10x.o(.data)
    AHBPrescTable                            0x2000013c   Data          16  system_stm32f10x.o(.data)
    APBPrescTable                            0x2000014c   Data           8  system_stm32f10x.o(.data)
    htim3                                    0x20000154   Data          60  main.o(.bss)
    htim4                                    0x20000190   Data          60  main.o(.bss)
    huart1                                   0x200001cc   Data          64  main.o(.bss)
    hdma_usart1_rx                           0x2000020c   Data          56  main.o(.bss)
    hdma_usart1_tx                           0x20000244   Data          56  main.o(.bss)
    huart2                                   0x2000027c   Data          64  main.o(.bss)
    hdma_usart2_rx                           0x200002bc   Data          56  main.o(.bss)
    hdma_usart2_tx                           0x200002f4   Data          56  main.o(.bss)
    USBD_StrDesc                             0x2000032c   Data          64  usbd_desc.o(.bss)
    DAP_Data                                 0x2000036c   Data          24  dap.o(.bss)
    hpcd_USB_FS                              0x20000384   Data        1056  usbd_conf.o(.bss)
    hdapcdc                                  0x200007a4   Data         176  usbd_dap_cdc.o(.bss)
    SendBuffer                               0x20000854   Data          64  usbd_dap_cdc_if.o(.bss)
    UserRxBufferFS                           0x20000894   Data        2048  usbd_dap_cdc_if.o(.bss)
    UserTxBufferFS                           0x20001094   Data        2048  usbd_dap_cdc_if.o(.bss)
    hUsbDeviceFS                             0x20001894   Data         548  usb_device.o(.bss)
    __libspace_start                         0x20001ab8   Data          96  libspace.o(.bss)
    __temporary_stack_top$libspace           0x20001b18   Data           0  libspace.o(.bss)



==============================================================================

Memory Map of the image

  Image Entry point : 0x080000ed

  Load Region LR_IROM1 (Base: 0x08000000, Size: 0x000075d4, Max: 0x00010000, ABSOLUTE, COMPRESSED[0x00007578])

    Execution Region ER_IROM1 (Exec base: 0x08000000, Load base: 0x08000000, Size: 0x00007480, Max: 0x00010000, ABSOLUTE)

    Exec Addr    Load Addr    Size         Type   Attr      Idx    E Section Name        Object

    0x08000000   0x08000000   0x000000ec   Data   RO         2342    RESET               startup_stm32f10x_md.o
    0x080000ec   0x080000ec   0x00000008   Code   RO         2403  * !!!main             c_w.l(__main.o)
    0x080000f4   0x080000f4   0x00000034   Code   RO         2564    !!!scatter          c_w.l(__scatter.o)
    0x08000128   0x08000128   0x0000005a   Code   RO         2562    !!dczerorl2         c_w.l(__dczerorl2.o)
    0x08000182   0x08000182   0x00000002   PAD
    0x08000184   0x08000184   0x0000001c   Code   RO         2566    !!handler_zi        c_w.l(__scatter_zi.o)
    0x080001a0   0x080001a0   0x00000002   Code   RO         2432    .ARM.Collect$$libinit$$00000000  c_w.l(libinit.o)
    0x080001a2   0x080001a2   0x00000000   Code   RO         2439    .ARM.Collect$$libinit$$00000002  c_w.l(libinit2.o)
    0x080001a2   0x080001a2   0x00000000   Code   RO         2441    .ARM.Collect$$libinit$$00000004  c_w.l(libinit2.o)
    0x080001a2   0x080001a2   0x00000000   Code   RO         2444    .ARM.Collect$$libinit$$0000000A  c_w.l(libinit2.o)
    0x080001a2   0x080001a2   0x00000000   Code   RO         2446    .ARM.Collect$$libinit$$0000000C  c_w.l(libinit2.o)
    0x080001a2   0x080001a2   0x00000000   Code   RO         2448    .ARM.Collect$$libinit$$0000000E  c_w.l(libinit2.o)
    0x080001a2   0x080001a2   0x00000000   Code   RO         2451    .ARM.Collect$$libinit$$00000011  c_w.l(libinit2.o)
    0x080001a2   0x080001a2   0x00000000   Code   RO         2453    .ARM.Collect$$libinit$$00000013  c_w.l(libinit2.o)
    0x080001a2   0x080001a2   0x00000000   Code   RO         2455    .ARM.Collect$$libinit$$00000015  c_w.l(libinit2.o)
    0x080001a2   0x080001a2   0x00000000   Code   RO         2457    .ARM.Collect$$libinit$$00000017  c_w.l(libinit2.o)
    0x080001a2   0x080001a2   0x00000000   Code   RO         2459    .ARM.Collect$$libinit$$00000019  c_w.l(libinit2.o)
    0x080001a2   0x080001a2   0x00000000   Code   RO         2461    .ARM.Collect$$libinit$$0000001B  c_w.l(libinit2.o)
    0x080001a2   0x080001a2   0x00000000   Code   RO         2463    .ARM.Collect$$libinit$$0000001D  c_w.l(libinit2.o)
    0x080001a2   0x080001a2   0x00000000   Code   RO         2465    .ARM.Collect$$libinit$$0000001F  c_w.l(libinit2.o)
    0x080001a2   0x080001a2   0x00000000   Code   RO         2467    .ARM.Collect$$libinit$$00000021  c_w.l(libinit2.o)
    0x080001a2   0x080001a2   0x00000000   Code   RO         2469    .ARM.Collect$$libinit$$00000023  c_w.l(libinit2.o)
    0x080001a2   0x080001a2   0x00000000   Code   RO         2471    .ARM.Collect$$libinit$$00000025  c_w.l(libinit2.o)
    0x080001a2   0x080001a2   0x00000000   Code   RO         2475    .ARM.Collect$$libinit$$0000002C  c_w.l(libinit2.o)
    0x080001a2   0x080001a2   0x00000000   Code   RO         2477    .ARM.Collect$$libinit$$0000002E  c_w.l(libinit2.o)
    0x080001a2   0x080001a2   0x00000000   Code   RO         2479    .ARM.Collect$$libinit$$00000030  c_w.l(libinit2.o)
    0x080001a2   0x080001a2   0x00000000   Code   RO         2481    .ARM.Collect$$libinit$$00000032  c_w.l(libinit2.o)
    0x080001a2   0x080001a2   0x00000002   Code   RO         2482    .ARM.Collect$$libinit$$00000033  c_w.l(libinit2.o)
    0x080001a4   0x080001a4   0x00000002   Code   RO         2502    .ARM.Collect$$libshutdown$$00000000  c_w.l(libshutdown.o)
    0x080001a6   0x080001a6   0x00000000   Code   RO         2515    .ARM.Collect$$libshutdown$$00000002  c_w.l(libshutdown2.o)
    0x080001a6   0x080001a6   0x00000000   Code   RO         2517    .ARM.Collect$$libshutdown$$00000004  c_w.l(libshutdown2.o)
    0x080001a6   0x080001a6   0x00000000   Code   RO         2520    .ARM.Collect$$libshutdown$$00000007  c_w.l(libshutdown2.o)
    0x080001a6   0x080001a6   0x00000000   Code   RO         2523    .ARM.Collect$$libshutdown$$0000000A  c_w.l(libshutdown2.o)
    0x080001a6   0x080001a6   0x00000000   Code   RO         2525    .ARM.Collect$$libshutdown$$0000000C  c_w.l(libshutdown2.o)
    0x080001a6   0x080001a6   0x00000000   Code   RO         2528    .ARM.Collect$$libshutdown$$0000000F  c_w.l(libshutdown2.o)
    0x080001a6   0x080001a6   0x00000002   Code   RO         2529    .ARM.Collect$$libshutdown$$00000010  c_w.l(libshutdown2.o)
    0x080001a8   0x080001a8   0x00000000   Code   RO         2405    .ARM.Collect$$rtentry$$00000000  c_w.l(__rtentry.o)
    0x080001a8   0x080001a8   0x00000000   Code   RO         2409    .ARM.Collect$$rtentry$$00000002  c_w.l(__rtentry2.o)
    0x080001a8   0x080001a8   0x00000006   Code   RO         2421    .ARM.Collect$$rtentry$$00000004  c_w.l(__rtentry4.o)
    0x080001ae   0x080001ae   0x00000000   Code   RO         2411    .ARM.Collect$$rtentry$$00000009  c_w.l(__rtentry2.o)
    0x080001ae   0x080001ae   0x00000004   Code   RO         2412    .ARM.Collect$$rtentry$$0000000A  c_w.l(__rtentry2.o)
    0x080001b2   0x080001b2   0x00000000   Code   RO         2414    .ARM.Collect$$rtentry$$0000000C  c_w.l(__rtentry2.o)
    0x080001b2   0x080001b2   0x00000008   Code   RO         2415    .ARM.Collect$$rtentry$$0000000D  c_w.l(__rtentry2.o)
    0x080001ba   0x080001ba   0x00000002   Code   RO         2436    .ARM.Collect$$rtexit$$00000000  c_w.l(rtexit.o)
    0x080001bc   0x080001bc   0x00000000   Code   RO         2484    .ARM.Collect$$rtexit$$00000002  c_w.l(rtexit2.o)
    0x080001bc   0x080001bc   0x00000004   Code   RO         2485    .ARM.Collect$$rtexit$$00000003  c_w.l(rtexit2.o)
    0x080001c0   0x080001c0   0x00000006   Code   RO         2486    .ARM.Collect$$rtexit$$00000004  c_w.l(rtexit2.o)
    0x080001c6   0x080001c6   0x00000002   PAD
    0x080001c8   0x080001c8   0x00000320   Code   RO            4    .text               main.o
    0x080004e8   0x080004e8   0x0000007c   Code   RO          143    .text               stm32f1xx_hal.o
    0x08000564   0x08000564   0x0000010c   Code   RO          247    .text               stm32f1xx_hal_cortex.o
    0x08000670   0x08000670   0x00000034   Code   RO          249    .text               stm32f1xx_hal_cortex.o
    0x080006a4   0x080006a4   0x0000056c   Code   RO          341    .text               stm32f1xx_hal_dma.o
    0x08000c10   0x08000c10   0x00000448   Code   RO          559    .text               stm32f1xx_hal_gpio.o
    0x08001058   0x08001058   0x000009dc   Code   RO          649    .text               stm32f1xx_hal_pcd.o
    0x08001a34   0x08001a34   0x00000040   Code   RO          751    .text               stm32f1xx_hal_pcd_ex.o
    0x08001a74   0x08001a74   0x00000c48   Code   RO          776    .text               stm32f1xx_hal_rcc.o
    0x080026bc   0x080026bc   0x0000017c   Code   RO          841    .text               stm32f1xx_hal_rcc_ex.o
    0x08002838   0x08002838   0x000006e2   Code   RO          877    .text               stm32f1xx_hal_tim.o
    0x08002f1a   0x08002f1a   0x00000082   Code   RO         1397    .text               stm32f1xx_hal_tim_ex.o
    0x08002f9c   0x08002f9c   0x000007ac   Code   RO         1603    .text               stm32f1xx_hal_uart.o
    0x08003748   0x08003748   0x00000b0e   Code   RO         1729    .text               stm32f1xx_ll_usb.o
    0x08004256   0x08004256   0x000002ec   Code   RO         1825    .text               usbd_core.o
    0x08004542   0x08004542   0x00000002   PAD
    0x08004544   0x08004544   0x00000638   Code   RO         1897    .text               usbd_ctlreq.o
    0x08004b7c   0x08004b7c   0x000000ae   Code   RO         1922    .text               usbd_ioreq.o
    0x08004c2a   0x08004c2a   0x00000002   PAD
    0x08004c2c   0x08004c2c   0x000000e0   Code   RO         1952    .text               usbd_desc.o
    0x08004d0c   0x08004d0c   0x000009b8   Code   RO         1983    .text               dap.o
    0x080056c4   0x080056c4   0x0000031c   Code   RO         2026    .text               stm32f1xx_hal_msp.o
    0x080059e0   0x080059e0   0x000000a8   Code   RO         2057    .text               stm32f1xx_it.o
    0x08005a88   0x08005a88   0x00000080   Code   RO         2085    .text               stm32f1xx_hal_timebase_tim.o
    0x08005b08   0x08005b08   0x00000b64   Code   RO         2121    .text               sw_dp.o
    0x0800666c   0x0800666c   0x0000046c   Code   RO         2152    .text               usbd_conf.o
    0x08006ad8   0x08006ad8   0x00000408   Code   RO         2237    .text               usbd_dap_cdc.o
    0x08006ee0   0x08006ee0   0x0000026c   Code   RO         2272    .text               usbd_dap_cdc_if.o
    0x0800714c   0x0800714c   0x00000054   Code   RO         2308    .text               usb_device.o
    0x080071a0   0x080071a0   0x00000040   Code   RO         2343    .text               startup_stm32f10x_md.o
    0x080071e0   0x080071e0   0x0000010c   Code   RO         2350    .text               system_stm32f10x.o
    0x080072ec   0x080072ec   0x00000064   Code   RO         2397    .text               c_w.l(rt_memcpy_w.o)
    0x08007350   0x08007350   0x00000044   Code   RO         2399    .text               c_w.l(rt_memclr.o)
    0x08007394   0x08007394   0x00000006   Code   RO         2401    .text               c_w.l(heapauxi.o)
    0x0800739a   0x0800739a   0x0000004e   Code   RO         2406    .text               c_w.l(rt_memclr_w.o)
    0x080073e8   0x080073e8   0x0000004a   Code   RO         2423    .text               c_w.l(sys_stackheap_outer.o)
    0x08007432   0x08007432   0x00000012   Code   RO         2425    .text               c_w.l(exit.o)
    0x08007444   0x08007444   0x00000008   Code   RO         2433    .text               c_w.l(libspace.o)
    0x0800744c   0x0800744c   0x0000000c   Code   RO         2494    .text               c_w.l(sys_exit.o)
    0x08007458   0x08007458   0x00000002   Code   RO         2505    .text               c_w.l(use_no_semi.o)
    0x0800745a   0x0800745a   0x00000000   Code   RO         2507    .text               c_w.l(indicate_semi.o)
    0x0800745a   0x0800745a   0x00000004   Data   RO         1985    .constdata          dap.o
    0x0800745e   0x0800745e   0x00000002   PAD
    0x08007460   0x08007460   0x00000020   Data   RO         2560    Region$$Table       anon$$obj.o


    Execution Region RW_IRAM1 (Exec base: 0x20000000, Load base: 0x08007480, Size: 0x00002118, Max: 0x00005000, ABSOLUTE, COMPRESSED[0x000000f8])

    Exec Addr    Load Addr    Size         Type   Attr      Idx    E Section Name        Object

    0x20000000   COMPRESSED   0x00000004   Data   RW          157    .data               stm32f1xx_hal.o
    0x20000004   COMPRESSED   0x00000001   Data   RW         1898    .data               usbd_ctlreq.o
    0x20000005   COMPRESSED   0x00000003   PAD
    0x20000008   COMPRESSED   0x00000034   Data   RW         1954    .data               usbd_desc.o
    0x2000003c   COMPRESSED   0x00000001   Data   RW         1986    .data               dap.o
    0x2000003d   COMPRESSED   0x00000003   PAD
    0x20000040   COMPRESSED   0x000000b0   Data   RW         2239    .data               usbd_dap_cdc.o
    0x200000f0   COMPRESSED   0x00000048   Data   RW         2274    .data               usbd_dap_cdc_if.o
    0x20000138   COMPRESSED   0x0000001c   Data   RW         2352    .data               system_stm32f10x.o
    0x20000154        -       0x000001d8   Zero   RW            5    .bss                main.o
    0x2000032c        -       0x00000040   Zero   RW         1953    .bss                usbd_desc.o
    0x2000036c        -       0x00000018   Zero   RW         1984    .bss                dap.o
    0x20000384        -       0x00000420   Zero   RW         2162    .bss                usbd_conf.o
    0x200007a4        -       0x000000b0   Zero   RW         2238    .bss                usbd_dap_cdc.o
    0x20000854        -       0x00001040   Zero   RW         2273    .bss                usbd_dap_cdc_if.o
    0x20001894        -       0x00000224   Zero   RW         2309    .bss                usb_device.o
    0x20001ab8        -       0x00000060   Zero   RW         2434    .bss                c_w.l(libspace.o)
    0x20001b18        -       0x00000200   Zero   RW         2341    HEAP                startup_stm32f10x_md.o
    0x20001d18        -       0x00000400   Zero   RW         2340    STACK               startup_stm32f10x_md.o


==============================================================================

Image component sizes


      Code (inc. data)   RO Data    RW Data    ZI Data      Debug   Object Name

      2488         76          4          1         24      11820   dap.o
       800         44          0          0        472     470354   main.o
        64         26        236          0       1536        816   startup_stm32f10x_md.o
       124          8          0          4          0       2174   stm32f1xx_hal.o
       320         16          0          0          0      24915   stm32f1xx_hal_cortex.o
      1388         12          0          0          0       2898   stm32f1xx_hal_dma.o
      1096         32          0          0          0       2934   stm32f1xx_hal_gpio.o
       796         50          0          0          0       2133   stm32f1xx_hal_msp.o
      2524          0          0          0          0       7106   stm32f1xx_hal_pcd.o
        64          0          0          0          0       1375   stm32f1xx_hal_pcd_ex.o
      3144         74          0          0          0       4145   stm32f1xx_hal_rcc.o
       380         14          0          0          0       1340   stm32f1xx_hal_rcc_ex.o
      1762         20          0          0          0       7783   stm32f1xx_hal_tim.o
       130          0          0          0          0       1710   stm32f1xx_hal_tim_ex.o
       128         10          0          0          0       1235   stm32f1xx_hal_timebase_tim.o
      1964         26          0          0          0       6502   stm32f1xx_hal_uart.o
       168         36          0          0          0       2517   stm32f1xx_it.o
      2830          0          0          0          0       7327   stm32f1xx_ll_usb.o
      2916         24          0          0          0      14129   sw_dp.o
       268         22          0         28          0       1631   system_stm32f10x.o
        84         30          0          0        548        696   usb_device.o
      1132         20          0          0       1056       8978   usbd_conf.o
       748          0          0          0          0       8941   usbd_core.o
      1592         28          0          1          0       5262   usbd_ctlreq.o
      1032         24          0        176        176       7177   usbd_dap_cdc.o
       620         32          0         72       4160       3106   usbd_dap_cdc_if.o
       224        104          0         52         64       3311   usbd_desc.o
       174          0          0          0          0       2470   usbd_ioreq.o

    ----------------------------------------------------------------------
     28964        728        274        340       8036     614785   Object Totals
         0          0         32          0          0          0   (incl. Generated)
         4          0          2          6          0          0   (incl. Padding)

    ----------------------------------------------------------------------

      Code (inc. data)   RO Data    RW Data    ZI Data      Debug   Library Member Name

        90          0          0          0          0          0   __dczerorl2.o
         8          0          0          0          0         68   __main.o
         0          0          0          0          0          0   __rtentry.o
        12          0          0          0          0          0   __rtentry2.o
         6          0          0          0          0          0   __rtentry4.o
        52          8          0          0          0          0   __scatter.o
        28          0          0          0          0          0   __scatter_zi.o
        18          0          0          0          0         80   exit.o
         6          0          0          0          0        152   heapauxi.o
         0          0          0          0          0          0   indicate_semi.o
         2          0          0          0          0          0   libinit.o
         2          0          0          0          0          0   libinit2.o
         2          0          0          0          0          0   libshutdown.o
         2          0          0          0          0          0   libshutdown2.o
         8          4          0          0         96         68   libspace.o
        68          0          0          0          0         68   rt_memclr.o
        78          0          0          0          0         80   rt_memclr_w.o
       100          0          0          0          0         80   rt_memcpy_w.o
         2          0          0          0          0          0   rtexit.o
        10          0          0          0          0          0   rtexit2.o
        12          4          0          0          0         68   sys_exit.o
        74          0          0          0          0         80   sys_stackheap_outer.o
         2          0          0          0          0         68   use_no_semi.o

    ----------------------------------------------------------------------
       586         16          0          0         96        812   Library Totals
         4          0          0          0          0          0   (incl. Padding)

    ----------------------------------------------------------------------

      Code (inc. data)   RO Data    RW Data    ZI Data      Debug   Library Name

       582         16          0          0         96        812   c_w.l

    ----------------------------------------------------------------------
       586         16          0          0         96        812   Library Totals

    ----------------------------------------------------------------------

==============================================================================


      Code (inc. data)   RO Data    RW Data    ZI Data      Debug   

     29550        744        274        340       8132     613305   Grand Totals
     29550        744        274        248       8132     613305   ELF Image Totals (compressed)
     29550        744        274        248          0          0   ROM Totals

==============================================================================

    Total RO  Size (Code + RO Data)                29824 (  29.13kB)
    Total RW  Size (RW Data + ZI Data)              8472 (   8.27kB)
    Total ROM Size (Code + RO Data + RW Data)      30072 (  29.37kB)

==============================================================================

